******************************************************************************
                  TI ARM Linker PC v18.12.3                    
******************************************************************************
>> Linked Sat Nov  2 21:25:40 2019

OUTPUT FILE NAME:   <lab8.out>
ENTRY POINT SYMBOL: "_c_int00_noargs"  address: 00001099


MEMORY CONFIGURATION

         name            origin    length      used     unused   attr    fill
----------------------  --------  ---------  --------  --------  ----  --------
  FLASH                 00000000   00040000  000013be  0003ec42  R  X
  SRAM                  20000000   00008000  00000221  00007ddf  RW X


SEGMENT ALLOCATION MAP

run origin  load origin   length   init length attrs members
----------  ----------- ---------- ----------- ----- -------
00000000    00000000    000013c0   000013c0    r-x
  00000000    00000000    0000026c   0000026c    r-- .intvecs
  0000026c    0000026c    00000ff6   00000ff6    r-x .text
  00001264    00001264    0000012c   0000012c    r-- .const
  00001390    00001390    00000030   00000030    r-- .cinit
20000000    20000000    00000221   00000000    rw-
  20000000    20000000    00000200   00000000    rw- .stack
  20000200    20000200    0000001c   00000000    rw- .bss
  2000021c    2000021c    00000005   00000000    rw- .data


SECTION ALLOCATION MAP

 output                                  attributes/
section   page    origin      length       input sections
--------  ----  ----------  ----------   ----------------
.intvecs   0    00000000    0000026c     
                  00000000    0000026c     tm4c123gh6pm_startup_ccs.obj (.intvecs)

.text      0    0000026c    00000ff6     
                  0000026c    0000049c     uartstdio.obj (.text)
                  00000708    000002cc     task1.obj (.text)
                  000009d4    00000132     driverlib.lib : gpio.obj (.text:GPIOPadConfigSet)
                  00000b06    00000002     rtsv7M4_T_le_v4SPD16_eabi.lib : div0.asm.obj (.text)
                  00000b08    00000110     driverlib.lib : sysctl.obj (.text:SysCtlClockGet)
                  00000c18    000000f4                   : sysctl.obj (.text:SysCtlClockSet)
                  00000d0c    0000009c     rtsv7M4_T_le_v4SPD16_eabi.lib : memcpy_t2.asm.obj (.text)
                  00000da8    0000007a     driverlib.lib : adc.obj (.text:ADCSequenceStepConfigure)
                  00000e22    00000068     rtsv7M4_T_le_v4SPD16_eabi.lib : copy_decompress_lzss.c.obj (.text:decompress:lzss:__TI_decompress_lzss)
                  00000e8a    00000050     driverlib.lib : adc.obj (.text:ADCSequenceConfigure)
                  00000eda    00000002     --HOLE-- [fill = 0]
                  00000edc    00000048                   : gpio.obj (.text:GPIOPinConfigure)
                  00000f24    00000046                   : uart.obj (.text:UARTConfigSetExpClk)
                  00000f6a    00000002     --HOLE-- [fill = 0]
                  00000f6c    00000044     rtsv7M4_T_le_v4SPD16_eabi.lib : autoinit.c.obj (.text:__TI_auto_init_nobinit_nopinit:__TI_auto_init_nobinit_nopinit)
                  00000fb0    00000040                                   : u_divt2.asm.obj (.text)
                  00000ff0    0000003c     driverlib.lib : ssi.obj (.text:SSIConfigSetExpClk)
                  0000102c    00000038                   : sysctl.obj (.text:SysCtlPeripheralPresent)
                  00001064    00000034                   : sysctl.obj (.text:SysCtlPeripheralEnable)
                  00001098    00000034     rtsv7M4_T_le_v4SPD16_eabi.lib : boot_cortex_m.c.obj (.text:_c_int00_noargs:_c_int00_noargs)
                  000010cc    0000002e     driverlib.lib : adc.obj (.text:ADCIntStatus)
                  000010fa    0000002a                   : gpio.obj (.text:GPIODirModeSet)
                  00001124    00000020                   : uart.obj (.text:UARTDisable)
                  00001144    0000001e                   : adc.obj (.text:ADCSequenceDataGet)
                  00001162    0000001c     rtsv7M4_T_le_v4SPD16_eabi.lib : copy_zero_init.c.obj (.text:decompress:ZI:__TI_zero_init_nomemset:__TI_zero_init_nomemset)
                  0000117e    00000018     driverlib.lib : adc.obj (.text:ADCProcessorTrigger)
                  00001196    00000014                   : uart.obj (.text:UARTEnable)
                  000011aa    00000012                   : gpio.obj (.text:GPIOPinTypeSSI)
                  000011bc    00000012                   : gpio.obj (.text:GPIOPinTypeUART)
                  000011ce    00000012                   : ssi.obj (.text:SSIDataGetNonBlocking)
                  000011e0    0000000e                   : adc.obj (.text:ADCSequenceEnable)
                  000011ee    0000000e     rtsv7M4_T_le_v4SPD16_eabi.lib : copy_decompress_none.c.obj (.text:decompress:none:__TI_decompress_none)
                  000011fc    0000000c     driverlib.lib : ssi.obj (.text:SSIDataGet)
                  00001208    0000000c     tm4c123gh6pm_startup_ccs.obj (.text)
                  00001214    0000000a     driverlib.lib : adc.obj (.text:ADCIntClear)
                  0000121e    0000000a                   : ssi.obj (.text:SSIDataPut)
                  00001228    0000000a                   : ssi.obj (.text:SSIEnable)
                  00001232    0000000a                   : uart.obj (.text:UARTCharGet)
                  0000123c    0000000a                   : uart.obj (.text:UARTCharPut)
                  00001246    00000008                   : ssi.obj (.text:SSIBusy)
                  0000124e    00000006                   : sysctl.obj (.text:SysCtlDelay)
                  00001254    00000006                   : uart.obj (.text:UARTClockSourceSet)
                  0000125a    00000004     rtsv7M4_T_le_v4SPD16_eabi.lib : pre_init.c.obj (.text:_system_pre_init)
                  0000125e    00000004                                   : exit.c.obj (.text:abort:abort)

.const     0    00001264    0000012c     
                  00001264    00000090     driverlib.lib : gpio.obj (.const:g_pui32GPIOBaseAddrs)
                  000012f4    0000006c                   : sysctl.obj (.const:g_pui32Xtals)
                  00001360    00000012     uartstdio.obj (.const:.string)
                  00001372    00000002     --HOLE-- [fill = 0]
                  00001374    0000000c     uartstdio.obj (.const:g_ui32UARTBase)
                  00001380    0000000c     uartstdio.obj (.const:g_ui32UARTPeriph)
                  0000138c    00000004     uartstdio.obj (.const)

.cinit     0    00001390    00000030     
                  00001390    0000000c     (__TI_handler_table)
                  0000139c    00000004     --HOLE-- [fill = 0]
                  000013a0    00000008     (.cinit..bss.load) [load image, compression = zero_init]
                  000013a8    00000007     (.cinit..data.load) [load image, compression = lzss]
                  000013af    00000001     --HOLE-- [fill = 0]
                  000013b0    00000010     (__TI_cinit_table)

.init_array 
*          0    00000000    00000000     UNINITIALIZED

.bss       0    20000200    0000001c     UNINITIALIZED
                  20000200    00000010     (.common:ui32ADC0Value)
                  20000210    00000004     (.common:ui32TempAvg)
                  20000214    00000004     (.common:ui32TempValueC)
                  20000218    00000004     (.common:ui32TempValueF)

.data      0    2000021c    00000005     UNINITIALIZED
                  2000021c    00000005     uartstdio.obj (.data)

.stack     0    20000000    00000200     UNINITIALIZED
                  20000000    00000004     rtsv7M4_T_le_v4SPD16_eabi.lib : boot_cortex_m.c.obj (.stack)
                  20000004    000001fc     --HOLE--

MODULE SUMMARY

       Module                         code   ro data   rw data
       ------                         ----   -------   -------
    .\
       uartstdio.obj                  1180   46        5      
       task1.obj                      716    0         28     
       tm4c123gh6pm_startup_ccs.obj   12     620       0      
    +--+------------------------------+------+---------+---------+
       Total:                         1908   666       33     
                                                              
    C:/ti/tivaware_c_series_2_1_4_178/driverlib/ccs/Debug/driverlib.lib
       sysctl.obj                     630    108       0      
       gpio.obj                       456    144       0      
       adc.obj                        326    0         0      
       uart.obj                       148    0         0      
       ssi.obj                        118    0         0      
    +--+------------------------------+------+---------+---------+
       Total:                         1678   252       0      
                                                              
    C:\ti\ccs910\ccs\tools\compiler\ti-cgt-arm_18.12.3.LTS\lib\rtsv7M4_T_le_v4SPD16_eabi.lib
       memcpy_t2.asm.obj              156    0         0      
       copy_decompress_lzss.c.obj     104    0         0      
       autoinit.c.obj                 68     0         0      
       u_divt2.asm.obj                64     0         0      
       boot_cortex_m.c.obj            52     0         0      
       copy_zero_init.c.obj           28     0         0      
       copy_decompress_none.c.obj     14     0         0      
       exit.c.obj                     4      0         0      
       pre_init.c.obj                 4      0         0      
       div0.asm.obj                   2      0         0      
    +--+------------------------------+------+---------+---------+
       Total:                         496    0         0      
                                                              
       Stack:                         0      0         512    
       Linker Generated:              0      43        0      
    +--+------------------------------+------+---------+---------+
       Grand Total:                   4082   961       545    


LINKER GENERATED COPY TABLES

__TI_cinit_table @ 000013b0 records: 2, size/record: 8, table size: 16
	.bss: load addr=000013a0, load size=00000008 bytes, run addr=20000200, run size=0000001c bytes, compression=zero_init
	.data: load addr=000013a8, load size=00000007 bytes, run addr=2000021c, run size=00000005 bytes, compression=lzss


LINKER GENERATED HANDLER TABLE

__TI_handler_table @ 00001390 records: 3, size/record: 4, table size: 12
	index: 0, handler: __TI_decompress_lzss
	index: 1, handler: __TI_decompress_none
	index: 2, handler: __TI_zero_init


GLOBAL SYMBOLS: SORTED ALPHABETICALLY BY Name 

address   name                          
-------   ----                          
00001215  ADCIntClear                   
000010cd  ADCIntStatus                  
0000117f  ADCProcessorTrigger           
00000e8b  ADCSequenceConfigure          
00001145  ADCSequenceDataGet            
000011e1  ADCSequenceEnable             
00000da9  ADCSequenceStepConfigure      
0000125f  C$$EXIT                       
000010fb  GPIODirModeSet                
000009d5  GPIOPadConfigSet              
00000edd  GPIOPinConfigure              
000011ab  GPIOPinTypeSSI                
000011bd  GPIOPinTypeUART               
00000709  InitConsole                   
00001209  ResetISR                      
00001247  SSIBusy                       
00000ff1  SSIConfigSetExpClk            
000011fd  SSIDataGet                    
000011cf  SSIDataGetNonBlocking         
0000121f  SSIDataPut                    
00001229  SSIEnable                     
00000b09  SysCtlClockGet                
00000c19  SysCtlClockSet                
0000124f  SysCtlDelay                   
00001065  SysCtlPeripheralEnable        
0000102d  SysCtlPeripheralPresent       
00001233  UARTCharGet                   
0000123d  UARTCharPut                   
00001255  UARTClockSourceSet            
00000f25  UARTConfigSetExpClk           
00001125  UARTDisable                   
00001197  UARTEnable                    
0000026d  UARTStdioConfig               
000003b3  UARTgetc                      
000002f9  UARTgets                      
000006d3  UARTprintf                    
000003d9  UARTvprintf                   
000002b3  UARTwrite                     
20000200  __STACK_END                   
00000200  __STACK_SIZE                  
20000200  __STACK_TOP                   
000013b0  __TI_CINIT_Base               
000013c0  __TI_CINIT_Limit              
00001390  __TI_Handler_Table_Base       
0000139c  __TI_Handler_Table_Limit      
00000f6d  __TI_auto_init_nobinit_nopinit
00000e23  __TI_decompress_lzss          
000011ef  __TI_decompress_none          
ffffffff  __TI_pprof_out_hndl           
ffffffff  __TI_prof_data_size           
ffffffff  __TI_prof_data_start          
00000000  __TI_static_base__            
00001163  __TI_zero_init_nomemset       
00000b07  __aeabi_idiv0                 
00000b07  __aeabi_ldiv0                 
00000d0d  __aeabi_memcpy                
00000d0d  __aeabi_memcpy4               
00000d0d  __aeabi_memcpy8               
00000fb1  __aeabi_uidiv                 
00000fb1  __aeabi_uidivmod              
ffffffff  __binit__                     
ffffffff  __c_args__                    
UNDEFED   __mpu_init                    
20000000  __stack                       
00001099  _c_int00_noargs               
UNDEFED   _system_post_cinit            
0000125b  _system_pre_init              
0000125f  abort                         
ffffffff  binit                         
000008f1  configADC                     
00000000  g_pfnVectors                  
00000745  main                          
00000d0d  memcpy                        
20000200  ui32ADC0Value                 
20000210  ui32TempAvg                   
20000214  ui32TempValueC                
20000218  ui32TempValueF                


GLOBAL SYMBOLS: SORTED BY Symbol Address 

address   name                          
-------   ----                          
00000000  __TI_static_base__            
00000000  g_pfnVectors                  
00000200  __STACK_SIZE                  
0000026d  UARTStdioConfig               
000002b3  UARTwrite                     
000002f9  UARTgets                      
000003b3  UARTgetc                      
000003d9  UARTvprintf                   
000006d3  UARTprintf                    
00000709  InitConsole                   
00000745  main                          
000008f1  configADC                     
000009d5  GPIOPadConfigSet              
00000b07  __aeabi_idiv0                 
00000b07  __aeabi_ldiv0                 
00000b09  SysCtlClockGet                
00000c19  SysCtlClockSet                
00000d0d  __aeabi_memcpy                
00000d0d  __aeabi_memcpy4               
00000d0d  __aeabi_memcpy8               
00000d0d  memcpy                        
00000da9  ADCSequenceStepConfigure      
00000e23  __TI_decompress_lzss          
00000e8b  ADCSequenceConfigure          
00000edd  GPIOPinConfigure              
00000f25  UARTConfigSetExpClk           
00000f6d  __TI_auto_init_nobinit_nopinit
00000fb1  __aeabi_uidiv                 
00000fb1  __aeabi_uidivmod              
00000ff1  SSIConfigSetExpClk            
0000102d  SysCtlPeripheralPresent       
00001065  SysCtlPeripheralEnable        
00001099  _c_int00_noargs               
000010cd  ADCIntStatus                  
000010fb  GPIODirModeSet                
00001125  UARTDisable                   
00001145  ADCSequenceDataGet            
00001163  __TI_zero_init_nomemset       
0000117f  ADCProcessorTrigger           
00001197  UARTEnable                    
000011ab  GPIOPinTypeSSI                
000011bd  GPIOPinTypeUART               
000011cf  SSIDataGetNonBlocking         
000011e1  ADCSequenceEnable             
000011ef  __TI_decompress_none          
000011fd  SSIDataGet                    
00001209  ResetISR                      
00001215  ADCIntClear                   
0000121f  SSIDataPut                    
00001229  SSIEnable                     
00001233  UARTCharGet                   
0000123d  UARTCharPut                   
00001247  SSIBusy                       
0000124f  SysCtlDelay                   
00001255  UARTClockSourceSet            
0000125b  _system_pre_init              
0000125f  C$$EXIT                       
0000125f  abort                         
00001390  __TI_Handler_Table_Base       
0000139c  __TI_Handler_Table_Limit      
000013b0  __TI_CINIT_Base               
000013c0  __TI_CINIT_Limit              
20000000  __stack                       
20000200  __STACK_END                   
20000200  __STACK_TOP                   
20000200  ui32ADC0Value                 
20000210  ui32TempAvg                   
20000214  ui32TempValueC                
20000218  ui32TempValueF                
ffffffff  __TI_pprof_out_hndl           
ffffffff  __TI_prof_data_size           
ffffffff  __TI_prof_data_start          
ffffffff  __binit__                     
ffffffff  __c_args__                    
ffffffff  binit                         
UNDEFED   __mpu_init                    
UNDEFED   _system_post_cinit            

[77 symbols]
