<?xml version="1.0" encoding="ISO-8859-1" ?>
<link_info>
   <banner>TI ARM Linker PC v18.12.3.LTS</banner>
   <copyright>Copyright (c) 1996-2018 Texas Instruments Incorporated</copyright>
   <link_time>0x5dbe56c4</link_time>
   <link_errors>0x0</link_errors>
   <output_file>lab8.out</output_file>
   <entry_point>
      <name>_c_int00_noargs</name>
      <address>0x1099</address>
   </entry_point>
   <input_file_list>
      <input_file id="fl-2">
         <path>.\</path>
         <kind>object</kind>
         <file>task1.obj</file>
         <name>task1.obj</name>
      </input_file>
      <input_file id="fl-3">
         <path>.\</path>
         <kind>object</kind>
         <file>tm4c123gh6pm_startup_ccs.obj</file>
         <name>tm4c123gh6pm_startup_ccs.obj</name>
      </input_file>
      <input_file id="fl-4">
         <path>.\</path>
         <kind>object</kind>
         <file>uartstdio.obj</file>
         <name>uartstdio.obj</name>
      </input_file>
      <input_file id="fl-9">
         <kind>object</kind>
         <file>&lt;internal&gt;</file>
         <name>&lt;internal&gt;</name>
      </input_file>
      <input_file id="fl-bf">
         <path>C:\ti\ccs910\ccs\tools\compiler\ti-cgt-arm_18.12.3.LTS\lib\</path>
         <kind>archive</kind>
         <file>rtsv7M4_T_le_v4SPD16_eabi.lib</file>
         <name>u_divt2.asm.obj</name>
      </input_file>
      <input_file id="fl-c0">
         <path>C:\ti\ccs910\ccs\tools\compiler\ti-cgt-arm_18.12.3.LTS\lib\</path>
         <kind>archive</kind>
         <file>rtsv7M4_T_le_v4SPD16_eabi.lib</file>
         <name>copy_zero_init.c.obj</name>
      </input_file>
      <input_file id="fl-c1">
         <path>C:\ti\ccs910\ccs\tools\compiler\ti-cgt-arm_18.12.3.LTS\lib\</path>
         <kind>archive</kind>
         <file>rtsv7M4_T_le_v4SPD16_eabi.lib</file>
         <name>copy_decompress_none.c.obj</name>
      </input_file>
      <input_file id="fl-c2">
         <path>C:\ti\ccs910\ccs\tools\compiler\ti-cgt-arm_18.12.3.LTS\lib\</path>
         <kind>archive</kind>
         <file>rtsv7M4_T_le_v4SPD16_eabi.lib</file>
         <name>copy_decompress_lzss.c.obj</name>
      </input_file>
      <input_file id="fl-c3">
         <path>C:\ti\ccs910\ccs\tools\compiler\ti-cgt-arm_18.12.3.LTS\lib\</path>
         <kind>archive</kind>
         <file>rtsv7M4_T_le_v4SPD16_eabi.lib</file>
         <name>boot_cortex_m.c.obj</name>
      </input_file>
      <input_file id="fl-c4">
         <path>C:\ti\ccs910\ccs\tools\compiler\ti-cgt-arm_18.12.3.LTS\lib\</path>
         <kind>archive</kind>
         <file>rtsv7M4_T_le_v4SPD16_eabi.lib</file>
         <name>div0.asm.obj</name>
      </input_file>
      <input_file id="fl-c5">
         <path>C:\ti\ccs910\ccs\tools\compiler\ti-cgt-arm_18.12.3.LTS\lib\</path>
         <kind>archive</kind>
         <file>rtsv7M4_T_le_v4SPD16_eabi.lib</file>
         <name>memset_t2.asm.obj</name>
      </input_file>
      <input_file id="fl-c6">
         <path>C:\ti\ccs910\ccs\tools\compiler\ti-cgt-arm_18.12.3.LTS\lib\</path>
         <kind>archive</kind>
         <file>rtsv7M4_T_le_v4SPD16_eabi.lib</file>
         <name>memcpy_t2.asm.obj</name>
      </input_file>
      <input_file id="fl-c7">
         <path>C:\ti\ccs910\ccs\tools\compiler\ti-cgt-arm_18.12.3.LTS\lib\</path>
         <kind>archive</kind>
         <file>rtsv7M4_T_le_v4SPD16_eabi.lib</file>
         <name>autoinit.c.obj</name>
      </input_file>
      <input_file id="fl-c8">
         <path>C:\ti\ccs910\ccs\tools\compiler\ti-cgt-arm_18.12.3.LTS\lib\</path>
         <kind>archive</kind>
         <file>rtsv7M4_T_le_v4SPD16_eabi.lib</file>
         <name>pre_init.c.obj</name>
      </input_file>
      <input_file id="fl-c9">
         <path>C:\ti\ccs910\ccs\tools\compiler\ti-cgt-arm_18.12.3.LTS\lib\</path>
         <kind>archive</kind>
         <file>rtsv7M4_T_le_v4SPD16_eabi.lib</file>
         <name>cpy_tbl.c.obj</name>
      </input_file>
      <input_file id="fl-ca">
         <path>C:\ti\ccs910\ccs\tools\compiler\ti-cgt-arm_18.12.3.LTS\lib\</path>
         <kind>archive</kind>
         <file>rtsv7M4_T_le_v4SPD16_eabi.lib</file>
         <name>exit.c.obj</name>
      </input_file>
      <input_file id="fl-cb">
         <path>C:\ti\ccs910\ccs\tools\compiler\ti-cgt-arm_18.12.3.LTS\lib\</path>
         <kind>archive</kind>
         <file>rtsv7M4_T_le_v4SPD16_eabi.lib</file>
         <name>_lock.c.obj</name>
      </input_file>
      <input_file id="fl-cc">
         <path>C:\ti\ccs910\ccs\tools\compiler\ti-cgt-arm_18.12.3.LTS\lib\</path>
         <kind>archive</kind>
         <file>rtsv7M4_T_le_v4SPD16_eabi.lib</file>
         <name>args_main.c.obj</name>
      </input_file>
      <input_file id="fl-cd">
         <path>C:\ti\tivaware_c_series_2_1_4_178\driverlib\ccs\Debug\</path>
         <kind>archive</kind>
         <file>driverlib.lib</file>
         <name>adc.obj</name>
      </input_file>
      <input_file id="fl-ce">
         <path>C:\ti\tivaware_c_series_2_1_4_178\driverlib\ccs\Debug\</path>
         <kind>archive</kind>
         <file>driverlib.lib</file>
         <name>gpio.obj</name>
      </input_file>
      <input_file id="fl-cf">
         <path>C:\ti\tivaware_c_series_2_1_4_178\driverlib\ccs\Debug\</path>
         <kind>archive</kind>
         <file>driverlib.lib</file>
         <name>interrupt.obj</name>
      </input_file>
      <input_file id="fl-d0">
         <path>C:\ti\tivaware_c_series_2_1_4_178\driverlib\ccs\Debug\</path>
         <kind>archive</kind>
         <file>driverlib.lib</file>
         <name>ssi.obj</name>
      </input_file>
      <input_file id="fl-d1">
         <path>C:\ti\tivaware_c_series_2_1_4_178\driverlib\ccs\Debug\</path>
         <kind>archive</kind>
         <file>driverlib.lib</file>
         <name>sysctl.obj</name>
      </input_file>
      <input_file id="fl-d2">
         <path>C:\ti\tivaware_c_series_2_1_4_178\driverlib\ccs\Debug\</path>
         <kind>archive</kind>
         <file>driverlib.lib</file>
         <name>uart.obj</name>
      </input_file>
      <input_file id="fl-d3">
         <path>C:\ti\tivaware_c_series_2_1_4_178\driverlib\ccs\Debug\</path>
         <kind>archive</kind>
         <file>driverlib.lib</file>
         <name>cpu.obj</name>
      </input_file>
   </input_file_list>
   <object_component_list>
      <object_component id="oc-f">
         <name>.intvecs</name>
         <load_address>0x0</load_address>
         <run_address>0x0</run_address>
         <size>0x26c</size>
         <input_file_ref idref="fl-3"/>
      </object_component>
      <object_component id="oc-de">
         <name>.text</name>
         <load_address>0x26c</load_address>
         <run_address>0x26c</run_address>
         <size>0x49c</size>
         <input_file_ref idref="fl-4"/>
      </object_component>
      <object_component id="oc-98">
         <name>.text</name>
         <load_address>0x708</load_address>
         <run_address>0x708</run_address>
         <size>0x2cc</size>
         <input_file_ref idref="fl-2"/>
      </object_component>
      <object_component id="oc-19e">
         <name>.text:GPIOPadConfigSet</name>
         <load_address>0x9d4</load_address>
         <run_address>0x9d4</run_address>
         <size>0x132</size>
         <input_file_ref idref="fl-ce"/>
      </object_component>
      <object_component id="oc-231">
         <name>.text</name>
         <load_address>0xb06</load_address>
         <run_address>0xb06</run_address>
         <size>0x2</size>
         <input_file_ref idref="fl-c4"/>
      </object_component>
      <object_component id="oc-f0">
         <name>.text:SysCtlClockGet</name>
         <load_address>0xb08</load_address>
         <run_address>0xb08</run_address>
         <size>0x110</size>
         <input_file_ref idref="fl-d1"/>
      </object_component>
      <object_component id="oc-e4">
         <name>.text:SysCtlClockSet</name>
         <load_address>0xc18</load_address>
         <run_address>0xc18</run_address>
         <size>0xf4</size>
         <input_file_ref idref="fl-d1"/>
      </object_component>
      <object_component id="oc-38">
         <name>.text</name>
         <load_address>0xd0c</load_address>
         <run_address>0xd0c</run_address>
         <size>0x9c</size>
         <input_file_ref idref="fl-c6"/>
      </object_component>
      <object_component id="oc-139">
         <name>.text:ADCSequenceStepConfigure</name>
         <load_address>0xda8</load_address>
         <run_address>0xda8</run_address>
         <size>0x7a</size>
         <input_file_ref idref="fl-cd"/>
      </object_component>
      <object_component id="oc-12">
         <name>.text:decompress:lzss:__TI_decompress_lzss</name>
         <load_address>0xe22</load_address>
         <run_address>0xe22</run_address>
         <size>0x68</size>
         <input_file_ref idref="fl-c2"/>
      </object_component>
      <object_component id="oc-133">
         <name>.text:ADCSequenceConfigure</name>
         <load_address>0xe8a</load_address>
         <run_address>0xe8a</run_address>
         <size>0x50</size>
         <input_file_ref idref="fl-cd"/>
      </object_component>
      <object_component id="oc-cc">
         <name>.text:GPIOPinConfigure</name>
         <load_address>0xedc</load_address>
         <run_address>0xedc</run_address>
         <size>0x48</size>
         <input_file_ref idref="fl-ce"/>
      </object_component>
      <object_component id="oc-1ab">
         <name>.text:UARTConfigSetExpClk</name>
         <load_address>0xf24</load_address>
         <run_address>0xf24</run_address>
         <size>0x46</size>
         <input_file_ref idref="fl-d2"/>
      </object_component>
      <object_component id="oc-156">
         <name>.text:__TI_auto_init_nobinit_nopinit:__TI_auto_init_nobinit_nopinit</name>
         <load_address>0xf6c</load_address>
         <run_address>0xf6c</run_address>
         <size>0x44</size>
         <input_file_ref idref="fl-c7"/>
      </object_component>
      <object_component id="oc-1cc">
         <name>.text</name>
         <load_address>0xfb0</load_address>
         <run_address>0xfb0</run_address>
         <size>0x40</size>
         <input_file_ref idref="fl-bf"/>
      </object_component>
      <object_component id="oc-f6">
         <name>.text:SSIConfigSetExpClk</name>
         <load_address>0xff0</load_address>
         <run_address>0xff0</run_address>
         <size>0x3c</size>
         <input_file_ref idref="fl-d0"/>
      </object_component>
      <object_component id="oc-1a5">
         <name>.text:SysCtlPeripheralPresent</name>
         <load_address>0x102c</load_address>
         <run_address>0x102c</run_address>
         <size>0x38</size>
         <input_file_ref idref="fl-d1"/>
      </object_component>
      <object_component id="oc-c6">
         <name>.text:SysCtlPeripheralEnable</name>
         <load_address>0x1064</load_address>
         <run_address>0x1064</run_address>
         <size>0x34</size>
         <input_file_ref idref="fl-d1"/>
      </object_component>
      <object_component id="oc-56">
         <name>.text:_c_int00_noargs:_c_int00_noargs</name>
         <load_address>0x1098</load_address>
         <run_address>0x1098</run_address>
         <size>0x34</size>
         <input_file_ref idref="fl-c3"/>
      </object_component>
      <object_component id="oc-10e">
         <name>.text:ADCIntStatus</name>
         <load_address>0x10cc</load_address>
         <run_address>0x10cc</run_address>
         <size>0x2e</size>
         <input_file_ref idref="fl-cd"/>
      </object_component>
      <object_component id="oc-198">
         <name>.text:GPIODirModeSet</name>
         <load_address>0x10fa</load_address>
         <run_address>0x10fa</run_address>
         <size>0x2a</size>
         <input_file_ref idref="fl-ce"/>
      </object_component>
      <object_component id="oc-221">
         <name>.text:UARTDisable</name>
         <load_address>0x1124</load_address>
         <run_address>0x1124</run_address>
         <size>0x20</size>
         <input_file_ref idref="fl-d2"/>
      </object_component>
      <object_component id="oc-114">
         <name>.text:ADCSequenceDataGet</name>
         <load_address>0x1144</load_address>
         <run_address>0x1144</run_address>
         <size>0x1e</size>
         <input_file_ref idref="fl-cd"/>
      </object_component>
      <object_component id="oc-44">
         <name>.text:decompress:ZI:__TI_zero_init_nomemset:__TI_zero_init_nomemset</name>
         <load_address>0x1162</load_address>
         <run_address>0x1162</run_address>
         <size>0x1c</size>
         <input_file_ref idref="fl-c0"/>
      </object_component>
      <object_component id="oc-108">
         <name>.text:ADCProcessorTrigger</name>
         <load_address>0x117e</load_address>
         <run_address>0x117e</run_address>
         <size>0x18</size>
         <input_file_ref idref="fl-cd"/>
      </object_component>
      <object_component id="oc-1b1">
         <name>.text:UARTEnable</name>
         <load_address>0x1196</load_address>
         <run_address>0x1196</run_address>
         <size>0x14</size>
         <input_file_ref idref="fl-d2"/>
      </object_component>
      <object_component id="oc-ea">
         <name>.text:GPIOPinTypeSSI</name>
         <load_address>0x11aa</load_address>
         <run_address>0x11aa</run_address>
         <size>0x12</size>
         <input_file_ref idref="fl-ce"/>
      </object_component>
      <object_component id="oc-d8">
         <name>.text:GPIOPinTypeUART</name>
         <load_address>0x11bc</load_address>
         <run_address>0x11bc</run_address>
         <size>0x12</size>
         <input_file_ref idref="fl-ce"/>
      </object_component>
      <object_component id="oc-11a">
         <name>.text:SSIDataGetNonBlocking</name>
         <load_address>0x11ce</load_address>
         <run_address>0x11ce</run_address>
         <size>0x12</size>
         <input_file_ref idref="fl-d0"/>
      </object_component>
      <object_component id="oc-13f">
         <name>.text:ADCSequenceEnable</name>
         <load_address>0x11e0</load_address>
         <run_address>0x11e0</run_address>
         <size>0xe</size>
         <input_file_ref idref="fl-cd"/>
      </object_component>
      <object_component id="oc-18">
         <name>.text:decompress:none:__TI_decompress_none</name>
         <load_address>0x11ee</load_address>
         <run_address>0x11ee</run_address>
         <size>0xe</size>
         <input_file_ref idref="fl-c1"/>
      </object_component>
      <object_component id="oc-12d">
         <name>.text:SSIDataGet</name>
         <load_address>0x11fc</load_address>
         <run_address>0x11fc</run_address>
         <size>0xc</size>
         <input_file_ref idref="fl-d0"/>
      </object_component>
      <object_component id="oc-24">
         <name>.text</name>
         <load_address>0x1208</load_address>
         <run_address>0x1208</run_address>
         <size>0xc</size>
         <input_file_ref idref="fl-3"/>
      </object_component>
      <object_component id="oc-102">
         <name>.text:ADCIntClear</name>
         <load_address>0x1214</load_address>
         <run_address>0x1214</run_address>
         <size>0xa</size>
         <input_file_ref idref="fl-cd"/>
      </object_component>
      <object_component id="oc-121">
         <name>.text:SSIDataPut</name>
         <load_address>0x121e</load_address>
         <run_address>0x121e</run_address>
         <size>0xa</size>
         <input_file_ref idref="fl-d0"/>
      </object_component>
      <object_component id="oc-fc">
         <name>.text:SSIEnable</name>
         <load_address>0x1228</load_address>
         <run_address>0x1228</run_address>
         <size>0xa</size>
         <input_file_ref idref="fl-d0"/>
      </object_component>
      <object_component id="oc-1bd">
         <name>.text:UARTCharGet</name>
         <load_address>0x1232</load_address>
         <run_address>0x1232</run_address>
         <size>0xa</size>
         <input_file_ref idref="fl-d2"/>
      </object_component>
      <object_component id="oc-1b7">
         <name>.text:UARTCharPut</name>
         <load_address>0x123c</load_address>
         <run_address>0x123c</run_address>
         <size>0xa</size>
         <input_file_ref idref="fl-d2"/>
      </object_component>
      <object_component id="oc-127">
         <name>.text:SSIBusy</name>
         <load_address>0x1246</load_address>
         <run_address>0x1246</run_address>
         <size>0x8</size>
         <input_file_ref idref="fl-d0"/>
      </object_component>
      <object_component id="oc-120">
         <name>.text:SysCtlDelay</name>
         <load_address>0x124e</load_address>
         <run_address>0x124e</run_address>
         <size>0x6</size>
         <input_file_ref idref="fl-d1"/>
      </object_component>
      <object_component id="oc-d2">
         <name>.text:UARTClockSourceSet</name>
         <load_address>0x1254</load_address>
         <run_address>0x1254</run_address>
         <size>0x6</size>
         <input_file_ref idref="fl-d2"/>
      </object_component>
      <object_component id="oc-92">
         <name>.text:_system_pre_init</name>
         <load_address>0x125a</load_address>
         <run_address>0x125a</run_address>
         <size>0x4</size>
         <input_file_ref idref="fl-c8"/>
      </object_component>
      <object_component id="oc-14a">
         <name>.text:abort:abort</name>
         <load_address>0x125e</load_address>
         <run_address>0x125e</run_address>
         <size>0x4</size>
         <input_file_ref idref="fl-ca"/>
      </object_component>
      <object_component id="oc-191">
         <name>.const:g_pui32GPIOBaseAddrs</name>
         <load_address>0x1264</load_address>
         <run_address>0x1264</run_address>
         <size>0x90</size>
         <input_file_ref idref="fl-ce"/>
      </object_component>
      <object_component id="oc-1dd">
         <name>.const:g_pui32Xtals</name>
         <load_address>0x12f4</load_address>
         <run_address>0x12f4</run_address>
         <size>0x6c</size>
         <input_file_ref idref="fl-d1"/>
      </object_component>
      <object_component id="oc-237">
         <name>.const:.string</name>
         <load_address>0x1360</load_address>
         <run_address>0x1360</run_address>
         <size>0x12</size>
         <input_file_ref idref="fl-4"/>
      </object_component>
      <object_component id="oc-1c9">
         <name>.const:g_ui32UARTBase</name>
         <load_address>0x1374</load_address>
         <run_address>0x1374</run_address>
         <size>0xc</size>
         <input_file_ref idref="fl-4"/>
      </object_component>
      <object_component id="oc-1c3">
         <name>.const:g_ui32UARTPeriph</name>
         <load_address>0x1380</load_address>
         <run_address>0x1380</run_address>
         <size>0xc</size>
         <input_file_ref idref="fl-4"/>
      </object_component>
      <object_component id="oc-1d1">
         <name>.const</name>
         <load_address>0x138c</load_address>
         <run_address>0x138c</run_address>
         <size>0x4</size>
         <input_file_ref idref="fl-4"/>
      </object_component>
      <object_component id="oc-29b">
         <name>__TI_handler_table</name>
         <load_address>0x1390</load_address>
         <run_address>0x1390</run_address>
         <size>0xc</size>
      </object_component>
      <object_component id="oc-29e">
         <name>.cinit..bss.load</name>
         <load_address>0x13a0</load_address>
         <run_address>0x13a0</run_address>
         <size>0x8</size>
      </object_component>
      <object_component id="oc-29d">
         <name>.cinit..data.load</name>
         <load_address>0x13a8</load_address>
         <run_address>0x13a8</run_address>
         <size>0x7</size>
      </object_component>
      <object_component id="oc-29c">
         <name>__TI_cinit_table</name>
         <load_address>0x13b0</load_address>
         <run_address>0x13b0</run_address>
         <size>0x10</size>
      </object_component>
      <object_component id="oc-1c6">
         <name>.data</name>
         <load_address>0x2000021c</load_address>
         <run_address>0x2000021c</run_address>
         <size>0x5</size>
         <input_file_ref idref="fl-4"/>
      </object_component>
      <object_component id="oc-145">
         <name>.common:ui32ADC0Value</name>
         <uninitialized>true</uninitialized>
         <run_address>0x20000200</run_address>
         <size>0x10</size>
      </object_component>
      <object_component id="oc-146">
         <name>.common:ui32TempAvg</name>
         <uninitialized>true</uninitialized>
         <run_address>0x20000210</run_address>
         <size>0x4</size>
      </object_component>
      <object_component id="oc-147">
         <name>.common:ui32TempValueC</name>
         <uninitialized>true</uninitialized>
         <run_address>0x20000214</run_address>
         <size>0x4</size>
      </object_component>
      <object_component id="oc-148">
         <name>.common:ui32TempValueF</name>
         <uninitialized>true</uninitialized>
         <run_address>0x20000218</run_address>
         <size>0x4</size>
      </object_component>
      <object_component id="oc-21">
         <name>.stack</name>
         <uninitialized>true</uninitialized>
         <run_address>0x20000000</run_address>
         <size>0x4</size>
         <input_file_ref idref="fl-c3"/>
      </object_component>
      <object_component id="oc-29f">
         <name>.stack</name>
         <uninitialized>true</uninitialized>
         <run_address>0x20000000</run_address>
         <size>0x0</size>
      </object_component>
      <object_component id="oc-b4">
         <name>.debug_info</name>
         <load_address>0x0</load_address>
         <run_address>0x0</run_address>
         <size>0x817</size>
         <input_file_ref idref="fl-2"/>
      </object_component>
      <object_component id="oc-9c">
         <name>.debug_info</name>
         <load_address>0x817</load_address>
         <run_address>0x817</run_address>
         <size>0x5ef</size>
         <input_file_ref idref="fl-2"/>
      </object_component>
      <object_component id="oc-6d">
         <name>.debug_info</name>
         <load_address>0xe06</load_address>
         <run_address>0xe06</run_address>
         <size>0x26b</size>
         <input_file_ref idref="fl-2"/>
      </object_component>
      <object_component id="oc-af">
         <name>.debug_info</name>
         <load_address>0x1071</load_address>
         <run_address>0x1071</run_address>
         <size>0x8b</size>
         <input_file_ref idref="fl-2"/>
      </object_component>
      <object_component id="oc-aa">
         <name>.debug_info</name>
         <load_address>0x10fc</load_address>
         <run_address>0x10fc</run_address>
         <size>0x297</size>
         <input_file_ref idref="fl-2"/>
      </object_component>
      <object_component id="oc-72">
         <name>.debug_info</name>
         <load_address>0x1393</load_address>
         <run_address>0x1393</run_address>
         <size>0xbb</size>
         <input_file_ref idref="fl-2"/>
      </object_component>
      <object_component id="oc-1d6">
         <name>.debug_info</name>
         <load_address>0x144e</load_address>
         <run_address>0x144e</run_address>
         <size>0x2c</size>
         <input_file_ref idref="fl-2"/>
      </object_component>
      <object_component id="oc-2c">
         <name>.debug_info</name>
         <load_address>0x147a</load_address>
         <run_address>0x147a</run_address>
         <size>0x2a4</size>
         <input_file_ref idref="fl-3"/>
      </object_component>
      <object_component id="oc-10">
         <name>.debug_info</name>
         <load_address>0x171e</load_address>
         <run_address>0x171e</run_address>
         <size>0xe3</size>
         <input_file_ref idref="fl-3"/>
      </object_component>
      <object_component id="oc-26">
         <name>.debug_info</name>
         <load_address>0x1801</load_address>
         <run_address>0x1801</run_address>
         <size>0x25f</size>
         <input_file_ref idref="fl-3"/>
      </object_component>
      <object_component id="oc-33">
         <name>.debug_info</name>
         <load_address>0x1a60</load_address>
         <run_address>0x1a60</run_address>
         <size>0x84</size>
         <input_file_ref idref="fl-3"/>
      </object_component>
      <object_component id="oc-1d5">
         <name>.debug_info</name>
         <load_address>0x1ae4</load_address>
         <run_address>0x1ae4</run_address>
         <size>0x3d8</size>
         <input_file_ref idref="fl-4"/>
      </object_component>
      <object_component id="oc-1c7">
         <name>.debug_info</name>
         <load_address>0x1ebc</load_address>
         <run_address>0x1ebc</run_address>
         <size>0xcf</size>
         <input_file_ref idref="fl-4"/>
      </object_component>
      <object_component id="oc-1d2">
         <name>.debug_info</name>
         <load_address>0x1f8b</load_address>
         <run_address>0x1f8b</run_address>
         <size>0xc9</size>
         <input_file_ref idref="fl-4"/>
      </object_component>
      <object_component id="oc-1ca">
         <name>.debug_info</name>
         <load_address>0x2054</load_address>
         <run_address>0x2054</run_address>
         <size>0xd7</size>
         <input_file_ref idref="fl-4"/>
      </object_component>
      <object_component id="oc-1c4">
         <name>.debug_info</name>
         <load_address>0x212b</load_address>
         <run_address>0x212b</run_address>
         <size>0xdb</size>
         <input_file_ref idref="fl-4"/>
      </object_component>
      <object_component id="oc-df">
         <name>.debug_info</name>
         <load_address>0x2206</load_address>
         <run_address>0x2206</run_address>
         <size>0x778</size>
         <input_file_ref idref="fl-4"/>
      </object_component>
      <object_component id="oc-1cf">
         <name>.debug_info</name>
         <load_address>0x297e</load_address>
         <run_address>0x297e</run_address>
         <size>0x143</size>
         <input_file_ref idref="fl-bf"/>
      </object_component>
      <object_component id="oc-8b">
         <name>.debug_info</name>
         <load_address>0x2ac1</load_address>
         <run_address>0x2ac1</run_address>
         <size>0x2d5</size>
         <input_file_ref idref="fl-c0"/>
      </object_component>
      <object_component id="oc-46">
         <name>.debug_info</name>
         <load_address>0x2d96</load_address>
         <run_address>0x2d96</run_address>
         <size>0x1d3</size>
         <input_file_ref idref="fl-c0"/>
      </object_component>
      <object_component id="oc-86">
         <name>.debug_info</name>
         <load_address>0x2f69</load_address>
         <run_address>0x2f69</run_address>
         <size>0x46</size>
         <input_file_ref idref="fl-c0"/>
      </object_component>
      <object_component id="oc-bd">
         <name>.debug_info</name>
         <load_address>0x2faf</load_address>
         <run_address>0x2faf</run_address>
         <size>0x2c</size>
         <input_file_ref idref="fl-c0"/>
      </object_component>
      <object_component id="oc-43">
         <name>.debug_info</name>
         <load_address>0x2fdb</load_address>
         <run_address>0x2fdb</run_address>
         <size>0x2a9</size>
         <input_file_ref idref="fl-c1"/>
      </object_component>
      <object_component id="oc-1b">
         <name>.debug_info</name>
         <load_address>0x3284</load_address>
         <run_address>0x3284</run_address>
         <size>0x1eb</size>
         <input_file_ref idref="fl-c1"/>
      </object_component>
      <object_component id="oc-3e">
         <name>.debug_info</name>
         <load_address>0x346f</load_address>
         <run_address>0x346f</run_address>
         <size>0x46</size>
         <input_file_ref idref="fl-c1"/>
      </object_component>
      <object_component id="oc-7e">
         <name>.debug_info</name>
         <load_address>0x34b5</load_address>
         <run_address>0x34b5</run_address>
         <size>0x2c</size>
         <input_file_ref idref="fl-c1"/>
      </object_component>
      <object_component id="oc-7c">
         <name>.debug_info</name>
         <load_address>0x34e1</load_address>
         <run_address>0x34e1</run_address>
         <size>0x29f</size>
         <input_file_ref idref="fl-c2"/>
      </object_component>
      <object_component id="oc-13">
         <name>.debug_info</name>
         <load_address>0x3780</load_address>
         <run_address>0x3780</run_address>
         <size>0x251</size>
         <input_file_ref idref="fl-c2"/>
      </object_component>
      <object_component id="oc-2e">
         <name>.debug_info</name>
         <load_address>0x39d1</load_address>
         <run_address>0x39d1</run_address>
         <size>0x60</size>
         <input_file_ref idref="fl-c2"/>
      </object_component>
      <object_component id="oc-b6">
         <name>.debug_info</name>
         <load_address>0x3a31</load_address>
         <run_address>0x3a31</run_address>
         <size>0x46</size>
         <input_file_ref idref="fl-c2"/>
      </object_component>
      <object_component id="oc-77">
         <name>.debug_info</name>
         <load_address>0x3a77</load_address>
         <run_address>0x3a77</run_address>
         <size>0x39</size>
         <input_file_ref idref="fl-c2"/>
      </object_component>
      <object_component id="oc-22">
         <name>.debug_info</name>
         <load_address>0x3ab0</load_address>
         <run_address>0x3ab0</run_address>
         <size>0x10c</size>
         <input_file_ref idref="fl-c3"/>
      </object_component>
      <object_component id="oc-57">
         <name>.debug_info</name>
         <load_address>0x3bbc</load_address>
         <run_address>0x3bbc</run_address>
         <size>0x1aa</size>
         <input_file_ref idref="fl-c3"/>
      </object_component>
      <object_component id="oc-232">
         <name>.debug_info</name>
         <load_address>0x3d66</load_address>
         <run_address>0x3d66</run_address>
         <size>0x116</size>
         <input_file_ref idref="fl-c4"/>
      </object_component>
      <object_component id="oc-3a">
         <name>.debug_info</name>
         <load_address>0x3e7c</load_address>
         <run_address>0x3e7c</run_address>
         <size>0x11a</size>
         <input_file_ref idref="fl-c6"/>
      </object_component>
      <object_component id="oc-1fc">
         <name>.debug_info</name>
         <load_address>0x3f96</load_address>
         <run_address>0x3f96</run_address>
         <size>0x4b4</size>
         <input_file_ref idref="fl-c7"/>
      </object_component>
      <object_component id="oc-157">
         <name>.debug_info</name>
         <load_address>0x444a</load_address>
         <run_address>0x444a</run_address>
         <size>0x1a7</size>
         <input_file_ref idref="fl-c7"/>
      </object_component>
      <object_component id="oc-252">
         <name>.debug_info</name>
         <load_address>0x45f1</load_address>
         <run_address>0x45f1</run_address>
         <size>0x39</size>
         <input_file_ref idref="fl-c7"/>
      </object_component>
      <object_component id="oc-268">
         <name>.debug_info</name>
         <load_address>0x462a</load_address>
         <run_address>0x462a</run_address>
         <size>0x39</size>
         <input_file_ref idref="fl-c7"/>
      </object_component>
      <object_component id="oc-257">
         <name>.debug_info</name>
         <load_address>0x4663</load_address>
         <run_address>0x4663</run_address>
         <size>0x39</size>
         <input_file_ref idref="fl-c7"/>
      </object_component>
      <object_component id="oc-25c">
         <name>.debug_info</name>
         <load_address>0x469c</load_address>
         <run_address>0x469c</run_address>
         <size>0xcd</size>
         <input_file_ref idref="fl-c7"/>
      </object_component>
      <object_component id="oc-93">
         <name>.debug_info</name>
         <load_address>0x4769</load_address>
         <run_address>0x4769</run_address>
         <size>0x154</size>
         <input_file_ref idref="fl-c8"/>
      </object_component>
      <object_component id="oc-14d">
         <name>.debug_info</name>
         <load_address>0x48bd</load_address>
         <run_address>0x48bd</run_address>
         <size>0x123</size>
         <input_file_ref idref="fl-ca"/>
      </object_component>
      <object_component id="oc-1e5">
         <name>.debug_info</name>
         <load_address>0x49e0</load_address>
         <run_address>0x49e0</run_address>
         <size>0x24d</size>
         <input_file_ref idref="fl-cd"/>
      </object_component>
      <object_component id="oc-13a">
         <name>.debug_info</name>
         <load_address>0x4c2d</load_address>
         <run_address>0x4c2d</run_address>
         <size>0x333</size>
         <input_file_ref idref="fl-cd"/>
      </object_component>
      <object_component id="oc-140">
         <name>.debug_info</name>
         <load_address>0x4f60</load_address>
         <run_address>0x4f60</run_address>
         <size>0x2a0</size>
         <input_file_ref idref="fl-cd"/>
      </object_component>
      <object_component id="oc-115">
         <name>.debug_info</name>
         <load_address>0x5200</load_address>
         <run_address>0x5200</run_address>
         <size>0x2ff</size>
         <input_file_ref idref="fl-cd"/>
      </object_component>
      <object_component id="oc-134">
         <name>.debug_info</name>
         <load_address>0x54ff</load_address>
         <run_address>0x54ff</run_address>
         <size>0x326</size>
         <input_file_ref idref="fl-cd"/>
      </object_component>
      <object_component id="oc-109">
         <name>.debug_info</name>
         <load_address>0x5825</load_address>
         <run_address>0x5825</run_address>
         <size>0x2a4</size>
         <input_file_ref idref="fl-cd"/>
      </object_component>
      <object_component id="oc-110">
         <name>.debug_info</name>
         <load_address>0x5ac9</load_address>
         <run_address>0x5ac9</run_address>
         <size>0x2e7</size>
         <input_file_ref idref="fl-cd"/>
      </object_component>
      <object_component id="oc-105">
         <name>.debug_info</name>
         <load_address>0x5db0</load_address>
         <run_address>0x5db0</run_address>
         <size>0x294</size>
         <input_file_ref idref="fl-cd"/>
      </object_component>
      <object_component id="oc-18b">
         <name>.debug_info</name>
         <load_address>0x6044</load_address>
         <run_address>0x6044</run_address>
         <size>0x18b</size>
         <input_file_ref idref="fl-cd"/>
      </object_component>
      <object_component id="oc-195">
         <name>.debug_info</name>
         <load_address>0x61cf</load_address>
         <run_address>0x61cf</run_address>
         <size>0x240</size>
         <input_file_ref idref="fl-ce"/>
      </object_component>
      <object_component id="oc-192">
         <name>.debug_info</name>
         <load_address>0x640f</load_address>
         <run_address>0x640f</run_address>
         <size>0x15b</size>
         <input_file_ref idref="fl-ce"/>
      </object_component>
      <object_component id="oc-19a">
         <name>.debug_info</name>
         <load_address>0x656a</load_address>
         <run_address>0x656a</run_address>
         <size>0x2b3</size>
         <input_file_ref idref="fl-ce"/>
      </object_component>
      <object_component id="oc-1a0">
         <name>.debug_info</name>
         <load_address>0x681d</load_address>
         <run_address>0x681d</run_address>
         <size>0x316</size>
         <input_file_ref idref="fl-ce"/>
      </object_component>
      <object_component id="oc-da">
         <name>.debug_info</name>
         <load_address>0x6b33</load_address>
         <run_address>0x6b33</run_address>
         <size>0x27b</size>
         <input_file_ref idref="fl-ce"/>
      </object_component>
      <object_component id="oc-ec">
         <name>.debug_info</name>
         <load_address>0x6dae</load_address>
         <run_address>0x6dae</run_address>
         <size>0x279</size>
         <input_file_ref idref="fl-ce"/>
      </object_component>
      <object_component id="oc-ce">
         <name>.debug_info</name>
         <load_address>0x7027</load_address>
         <run_address>0x7027</run_address>
         <size>0x280</size>
         <input_file_ref idref="fl-ce"/>
      </object_component>
      <object_component id="oc-1e2">
         <name>.debug_info</name>
         <load_address>0x72a7</load_address>
         <run_address>0x72a7</run_address>
         <size>0x21c</size>
         <input_file_ref idref="fl-d0"/>
      </object_component>
      <object_component id="oc-fd">
         <name>.debug_info</name>
         <load_address>0x74c3</load_address>
         <run_address>0x74c3</run_address>
         <size>0x242</size>
         <input_file_ref idref="fl-d0"/>
      </object_component>
      <object_component id="oc-123">
         <name>.debug_info</name>
         <load_address>0x7705</load_address>
         <run_address>0x7705</run_address>
         <size>0x276</size>
         <input_file_ref idref="fl-d0"/>
      </object_component>
      <object_component id="oc-11c">
         <name>.debug_info</name>
         <load_address>0x797b</load_address>
         <run_address>0x797b</run_address>
         <size>0x29a</size>
         <input_file_ref idref="fl-d0"/>
      </object_component>
      <object_component id="oc-12e">
         <name>.debug_info</name>
         <load_address>0x7c15</load_address>
         <run_address>0x7c15</run_address>
         <size>0x27a</size>
         <input_file_ref idref="fl-d0"/>
      </object_component>
      <object_component id="oc-f7">
         <name>.debug_info</name>
         <load_address>0x7e8f</load_address>
         <run_address>0x7e8f</run_address>
         <size>0x3d9</size>
         <input_file_ref idref="fl-d0"/>
      </object_component>
      <object_component id="oc-128">
         <name>.debug_info</name>
         <load_address>0x8268</load_address>
         <run_address>0x8268</run_address>
         <size>0x242</size>
         <input_file_ref idref="fl-d0"/>
      </object_component>
      <object_component id="oc-190">
         <name>.debug_info</name>
         <load_address>0x84aa</load_address>
         <run_address>0x84aa</run_address>
         <size>0x298</size>
         <input_file_ref idref="fl-d1"/>
      </object_component>
      <object_component id="oc-1de">
         <name>.debug_info</name>
         <load_address>0x8742</load_address>
         <run_address>0x8742</run_address>
         <size>0x14d</size>
         <input_file_ref idref="fl-d1"/>
      </object_component>
      <object_component id="oc-1a6">
         <name>.debug_info</name>
         <load_address>0x888f</load_address>
         <run_address>0x888f</run_address>
         <size>0x283</size>
         <input_file_ref idref="fl-d1"/>
      </object_component>
      <object_component id="oc-c7">
         <name>.debug_info</name>
         <load_address>0x8b12</load_address>
         <run_address>0x8b12</run_address>
         <size>0x27d</size>
         <input_file_ref idref="fl-d1"/>
      </object_component>
      <object_component id="oc-e5">
         <name>.debug_info</name>
         <load_address>0x8d8f</load_address>
         <run_address>0x8d8f</run_address>
         <size>0x2db</size>
         <input_file_ref idref="fl-d1"/>
      </object_component>
      <object_component id="oc-f1">
         <name>.debug_info</name>
         <load_address>0x906a</load_address>
         <run_address>0x906a</run_address>
         <size>0x2b5</size>
         <input_file_ref idref="fl-d1"/>
      </object_component>
      <object_component id="oc-213">
         <name>.debug_info</name>
         <load_address>0x931f</load_address>
         <run_address>0x931f</run_address>
         <size>0x5f</size>
         <input_file_ref idref="fl-d1"/>
      </object_component>
      <object_component id="oc-197">
         <name>.debug_info</name>
         <load_address>0x937e</load_address>
         <run_address>0x937e</run_address>
         <size>0x227</size>
         <input_file_ref idref="fl-d2"/>
      </object_component>
      <object_component id="oc-1b3">
         <name>.debug_info</name>
         <load_address>0x95a5</load_address>
         <run_address>0x95a5</run_address>
         <size>0x247</size>
         <input_file_ref idref="fl-d2"/>
      </object_component>
      <object_component id="oc-223">
         <name>.debug_info</name>
         <load_address>0x97ec</load_address>
         <run_address>0x97ec</run_address>
         <size>0x249</size>
         <input_file_ref idref="fl-d2"/>
      </object_component>
      <object_component id="oc-1ad">
         <name>.debug_info</name>
         <load_address>0x9a35</load_address>
         <run_address>0x9a35</run_address>
         <size>0x326</size>
         <input_file_ref idref="fl-d2"/>
      </object_component>
      <object_component id="oc-d4">
         <name>.debug_info</name>
         <load_address>0x9d5b</load_address>
         <run_address>0x9d5b</run_address>
         <size>0x291</size>
         <input_file_ref idref="fl-d2"/>
      </object_component>
      <object_component id="oc-1b9">
         <name>.debug_info</name>
         <load_address>0x9fec</load_address>
         <run_address>0x9fec</run_address>
         <size>0x273</size>
         <input_file_ref idref="fl-d2"/>
      </object_component>
      <object_component id="oc-1bf">
         <name>.debug_info</name>
         <load_address>0xa25f</load_address>
         <run_address>0xa25f</run_address>
         <size>0x24d</size>
         <input_file_ref idref="fl-d2"/>
      </object_component>
      <object_component id="oc-2a0">
         <name>.debug_info</name>
         <load_address>0xa4ac</load_address>
         <run_address>0xa4ac</run_address>
         <size>0x96</size>
      </object_component>
      <object_component id="oc-189">
         <name>.debug_line</name>
         <load_address>0x0</load_address>
         <run_address>0x0</run_address>
         <size>0x173</size>
         <input_file_ref idref="fl-2"/>
      </object_component>
      <object_component id="oc-9b">
         <name>.debug_line</name>
         <load_address>0x173</load_address>
         <run_address>0x173</run_address>
         <size>0xfa</size>
         <input_file_ref idref="fl-2"/>
      </object_component>
      <object_component id="oc-70">
         <name>.debug_line</name>
         <load_address>0x26d</load_address>
         <run_address>0x26d</run_address>
         <size>0x6f</size>
         <input_file_ref idref="fl-2"/>
      </object_component>
      <object_component id="oc-b2">
         <name>.debug_line</name>
         <load_address>0x2dc</load_address>
         <run_address>0x2dc</run_address>
         <size>0x20</size>
         <input_file_ref idref="fl-2"/>
      </object_component>
      <object_component id="oc-ad">
         <name>.debug_line</name>
         <load_address>0x2fc</load_address>
         <run_address>0x2fc</run_address>
         <size>0x73</size>
         <input_file_ref idref="fl-2"/>
      </object_component>
      <object_component id="oc-75">
         <name>.debug_line</name>
         <load_address>0x36f</load_address>
         <run_address>0x36f</run_address>
         <size>0x70</size>
         <input_file_ref idref="fl-2"/>
      </object_component>
      <object_component id="oc-1d9">
         <name>.debug_line</name>
         <load_address>0x3df</load_address>
         <run_address>0x3df</run_address>
         <size>0x6b</size>
         <input_file_ref idref="fl-2"/>
      </object_component>
      <object_component id="oc-6c">
         <name>.debug_line</name>
         <load_address>0x44a</load_address>
         <run_address>0x44a</run_address>
         <size>0x41</size>
         <input_file_ref idref="fl-3"/>
      </object_component>
      <object_component id="oc-2b">
         <name>.debug_line</name>
         <load_address>0x48b</load_address>
         <run_address>0x48b</run_address>
         <size>0x41</size>
         <input_file_ref idref="fl-3"/>
      </object_component>
      <object_component id="oc-25">
         <name>.debug_line</name>
         <load_address>0x4cc</load_address>
         <run_address>0x4cc</run_address>
         <size>0xa1</size>
         <input_file_ref idref="fl-3"/>
      </object_component>
      <object_component id="oc-36">
         <name>.debug_line</name>
         <load_address>0x56d</load_address>
         <run_address>0x56d</run_address>
         <size>0x20</size>
         <input_file_ref idref="fl-3"/>
      </object_component>
      <object_component id="oc-23b">
         <name>.debug_line</name>
         <load_address>0x58d</load_address>
         <run_address>0x58d</run_address>
         <size>0x8e</size>
         <input_file_ref idref="fl-4"/>
      </object_component>
      <object_component id="oc-22e">
         <name>.debug_line</name>
         <load_address>0x61b</load_address>
         <run_address>0x61b</run_address>
         <size>0x32</size>
         <input_file_ref idref="fl-4"/>
      </object_component>
      <object_component id="oc-239">
         <name>.debug_line</name>
         <load_address>0x64d</load_address>
         <run_address>0x64d</run_address>
         <size>0x32</size>
         <input_file_ref idref="fl-4"/>
      </object_component>
      <object_component id="oc-230">
         <name>.debug_line</name>
         <load_address>0x67f</load_address>
         <run_address>0x67f</run_address>
         <size>0x32</size>
         <input_file_ref idref="fl-4"/>
      </object_component>
      <object_component id="oc-22c">
         <name>.debug_line</name>
         <load_address>0x6b1</load_address>
         <run_address>0x6b1</run_address>
         <size>0x32</size>
         <input_file_ref idref="fl-4"/>
      </object_component>
      <object_component id="oc-e3">
         <name>.debug_line</name>
         <load_address>0x6e3</load_address>
         <run_address>0x6e3</run_address>
         <size>0x283</size>
         <input_file_ref idref="fl-4"/>
      </object_component>
      <object_component id="oc-1cd">
         <name>.debug_line</name>
         <load_address>0x966</load_address>
         <run_address>0x966</run_address>
         <size>0x5b</size>
         <input_file_ref idref="fl-bf"/>
      </object_component>
      <object_component id="oc-c3">
         <name>.debug_line</name>
         <load_address>0x9c1</load_address>
         <run_address>0x9c1</run_address>
         <size>0x92</size>
         <input_file_ref idref="fl-c0"/>
      </object_component>
      <object_component id="oc-48">
         <name>.debug_line</name>
         <load_address>0xa53</load_address>
         <run_address>0xa53</run_address>
         <size>0x56</size>
         <input_file_ref idref="fl-c0"/>
      </object_component>
      <object_component id="oc-89">
         <name>.debug_line</name>
         <load_address>0xaa9</load_address>
         <run_address>0xaa9</run_address>
         <size>0x34</size>
         <input_file_ref idref="fl-c0"/>
      </object_component>
      <object_component id="oc-c0">
         <name>.debug_line</name>
         <load_address>0xadd</load_address>
         <run_address>0xadd</run_address>
         <size>0x92</size>
         <input_file_ref idref="fl-c0"/>
      </object_component>
      <object_component id="oc-84">
         <name>.debug_line</name>
         <load_address>0xb6f</load_address>
         <run_address>0xb6f</run_address>
         <size>0x20</size>
         <input_file_ref idref="fl-c1"/>
      </object_component>
      <object_component id="oc-1d">
         <name>.debug_line</name>
         <load_address>0xb8f</load_address>
         <run_address>0xb8f</run_address>
         <size>0x55</size>
         <input_file_ref idref="fl-c1"/>
      </object_component>
      <object_component id="oc-41">
         <name>.debug_line</name>
         <load_address>0xbe4</load_address>
         <run_address>0xbe4</run_address>
         <size>0x3a</size>
         <input_file_ref idref="fl-c1"/>
      </object_component>
      <object_component id="oc-81">
         <name>.debug_line</name>
         <load_address>0xc1e</load_address>
         <run_address>0xc1e</run_address>
         <size>0x92</size>
         <input_file_ref idref="fl-c1"/>
      </object_component>
      <object_component id="oc-bc">
         <name>.debug_line</name>
         <load_address>0xcb0</load_address>
         <run_address>0xcb0</run_address>
         <size>0x20</size>
         <input_file_ref idref="fl-c2"/>
      </object_component>
      <object_component id="oc-17">
         <name>.debug_line</name>
         <load_address>0xcd0</load_address>
         <run_address>0xcd0</run_address>
         <size>0xa9</size>
         <input_file_ref idref="fl-c2"/>
      </object_component>
      <object_component id="oc-31">
         <name>.debug_line</name>
         <load_address>0xd79</load_address>
         <run_address>0xd79</run_address>
         <size>0x3a</size>
         <input_file_ref idref="fl-c2"/>
      </object_component>
      <object_component id="oc-b9">
         <name>.debug_line</name>
         <load_address>0xdb3</load_address>
         <run_address>0xdb3</run_address>
         <size>0x9a</size>
         <input_file_ref idref="fl-c2"/>
      </object_component>
      <object_component id="oc-7a">
         <name>.debug_line</name>
         <load_address>0xe4d</load_address>
         <run_address>0xe4d</run_address>
         <size>0x96</size>
         <input_file_ref idref="fl-c2"/>
      </object_component>
      <object_component id="oc-69">
         <name>.debug_line</name>
         <load_address>0xee3</load_address>
         <run_address>0xee3</run_address>
         <size>0x33</size>
         <input_file_ref idref="fl-c3"/>
      </object_component>
      <object_component id="oc-5a">
         <name>.debug_line</name>
         <load_address>0xf16</load_address>
         <run_address>0xf16</run_address>
         <size>0x45</size>
         <input_file_ref idref="fl-c3"/>
      </object_component>
      <object_component id="oc-235">
         <name>.debug_line</name>
         <load_address>0xf5b</load_address>
         <run_address>0xf5b</run_address>
         <size>0x37</size>
         <input_file_ref idref="fl-c4"/>
      </object_component>
      <object_component id="oc-39">
         <name>.debug_line</name>
         <load_address>0xf92</load_address>
         <run_address>0xf92</run_address>
         <size>0x88</size>
         <input_file_ref idref="fl-c6"/>
      </object_component>
      <object_component id="oc-251">
         <name>.debug_line</name>
         <load_address>0x101a</load_address>
         <run_address>0x101a</run_address>
         <size>0xbf</size>
         <input_file_ref idref="fl-c7"/>
      </object_component>
      <object_component id="oc-15a">
         <name>.debug_line</name>
         <load_address>0x10d9</load_address>
         <run_address>0x10d9</run_address>
         <size>0x6f</size>
         <input_file_ref idref="fl-c7"/>
      </object_component>
      <object_component id="oc-255">
         <name>.debug_line</name>
         <load_address>0x1148</load_address>
         <run_address>0x1148</run_address>
         <size>0x2e</size>
         <input_file_ref idref="fl-c7"/>
      </object_component>
      <object_component id="oc-26b">
         <name>.debug_line</name>
         <load_address>0x1176</load_address>
         <run_address>0x1176</run_address>
         <size>0x9a</size>
         <input_file_ref idref="fl-c7"/>
      </object_component>
      <object_component id="oc-25a">
         <name>.debug_line</name>
         <load_address>0x1210</load_address>
         <run_address>0x1210</run_address>
         <size>0x97</size>
         <input_file_ref idref="fl-c7"/>
      </object_component>
      <object_component id="oc-25f">
         <name>.debug_line</name>
         <load_address>0x12a7</load_address>
         <run_address>0x12a7</run_address>
         <size>0x93</size>
         <input_file_ref idref="fl-c7"/>
      </object_component>
      <object_component id="oc-96">
         <name>.debug_line</name>
         <load_address>0x133a</load_address>
         <run_address>0x133a</run_address>
         <size>0x40</size>
         <input_file_ref idref="fl-c8"/>
      </object_component>
      <object_component id="oc-14b">
         <name>.debug_line</name>
         <load_address>0x137a</load_address>
         <run_address>0x137a</run_address>
         <size>0x3c</size>
         <input_file_ref idref="fl-ca"/>
      </object_component>
      <object_component id="oc-241">
         <name>.debug_line</name>
         <load_address>0x13b6</load_address>
         <run_address>0x13b6</run_address>
         <size>0xde</size>
         <input_file_ref idref="fl-cd"/>
      </object_component>
      <object_component id="oc-13e">
         <name>.debug_line</name>
         <load_address>0x1494</load_address>
         <run_address>0x1494</run_address>
         <size>0xa7</size>
         <input_file_ref idref="fl-cd"/>
      </object_component>
      <object_component id="oc-144">
         <name>.debug_line</name>
         <load_address>0x153b</load_address>
         <run_address>0x153b</run_address>
         <size>0x91</size>
         <input_file_ref idref="fl-cd"/>
      </object_component>
      <object_component id="oc-119">
         <name>.debug_line</name>
         <load_address>0x15cc</load_address>
         <run_address>0x15cc</run_address>
         <size>0x9c</size>
         <input_file_ref idref="fl-cd"/>
      </object_component>
      <object_component id="oc-138">
         <name>.debug_line</name>
         <load_address>0x1668</load_address>
         <run_address>0x1668</run_address>
         <size>0xa4</size>
         <input_file_ref idref="fl-cd"/>
      </object_component>
      <object_component id="oc-10d">
         <name>.debug_line</name>
         <load_address>0x170c</load_address>
         <run_address>0x170c</run_address>
         <size>0x91</size>
         <input_file_ref idref="fl-cd"/>
      </object_component>
      <object_component id="oc-113">
         <name>.debug_line</name>
         <load_address>0x179d</load_address>
         <run_address>0x179d</run_address>
         <size>0x9b</size>
         <input_file_ref idref="fl-cd"/>
      </object_component>
      <object_component id="oc-104">
         <name>.debug_line</name>
         <load_address>0x1838</load_address>
         <run_address>0x1838</run_address>
         <size>0x91</size>
         <input_file_ref idref="fl-cd"/>
      </object_component>
      <object_component id="oc-18e">
         <name>.debug_line</name>
         <load_address>0x18c9</load_address>
         <run_address>0x18c9</run_address>
         <size>0x69</size>
         <input_file_ref idref="fl-cd"/>
      </object_component>
      <object_component id="oc-21b">
         <name>.debug_line</name>
         <load_address>0x1932</load_address>
         <run_address>0x1932</run_address>
         <size>0x82</size>
         <input_file_ref idref="fl-ce"/>
      </object_component>
      <object_component id="oc-219">
         <name>.debug_line</name>
         <load_address>0x19b4</load_address>
         <run_address>0x19b4</run_address>
         <size>0x7d</size>
         <input_file_ref idref="fl-ce"/>
      </object_component>
      <object_component id="oc-199">
         <name>.debug_line</name>
         <load_address>0x1a31</load_address>
         <run_address>0x1a31</run_address>
         <size>0x95</size>
         <input_file_ref idref="fl-ce"/>
      </object_component>
      <object_component id="oc-19f">
         <name>.debug_line</name>
         <load_address>0x1ac6</load_address>
         <run_address>0x1ac6</run_address>
         <size>0xd1</size>
         <input_file_ref idref="fl-ce"/>
      </object_component>
      <object_component id="oc-d9">
         <name>.debug_line</name>
         <load_address>0x1b97</load_address>
         <run_address>0x1b97</run_address>
         <size>0x93</size>
         <input_file_ref idref="fl-ce"/>
      </object_component>
      <object_component id="oc-eb">
         <name>.debug_line</name>
         <load_address>0x1c2a</load_address>
         <run_address>0x1c2a</run_address>
         <size>0x93</size>
         <input_file_ref idref="fl-ce"/>
      </object_component>
      <object_component id="oc-cd">
         <name>.debug_line</name>
         <load_address>0x1cbd</load_address>
         <run_address>0x1cbd</run_address>
         <size>0xa7</size>
         <input_file_ref idref="fl-ce"/>
      </object_component>
      <object_component id="oc-23f">
         <name>.debug_line</name>
         <load_address>0x1d64</load_address>
         <run_address>0x1d64</run_address>
         <size>0x82</size>
         <input_file_ref idref="fl-d0"/>
      </object_component>
      <object_component id="oc-101">
         <name>.debug_line</name>
         <load_address>0x1de6</load_address>
         <run_address>0x1de6</run_address>
         <size>0x91</size>
         <input_file_ref idref="fl-d0"/>
      </object_component>
      <object_component id="oc-122">
         <name>.debug_line</name>
         <load_address>0x1e77</load_address>
         <run_address>0x1e77</run_address>
         <size>0x94</size>
         <input_file_ref idref="fl-d0"/>
      </object_component>
      <object_component id="oc-11b">
         <name>.debug_line</name>
         <load_address>0x1f0b</load_address>
         <run_address>0x1f0b</run_address>
         <size>0x97</size>
         <input_file_ref idref="fl-d0"/>
      </object_component>
      <object_component id="oc-131">
         <name>.debug_line</name>
         <load_address>0x1fa2</load_address>
         <run_address>0x1fa2</run_address>
         <size>0x94</size>
         <input_file_ref idref="fl-d0"/>
      </object_component>
      <object_component id="oc-fa">
         <name>.debug_line</name>
         <load_address>0x2036</load_address>
         <run_address>0x2036</run_address>
         <size>0xa3</size>
         <input_file_ref idref="fl-d0"/>
      </object_component>
      <object_component id="oc-12b">
         <name>.debug_line</name>
         <load_address>0x20d9</load_address>
         <run_address>0x20d9</run_address>
         <size>0x91</size>
         <input_file_ref idref="fl-d0"/>
      </object_component>
      <object_component id="oc-212">
         <name>.debug_line</name>
         <load_address>0x216a</load_address>
         <run_address>0x216a</run_address>
         <size>0x13d</size>
         <input_file_ref idref="fl-d1"/>
      </object_component>
      <object_component id="oc-23d">
         <name>.debug_line</name>
         <load_address>0x22a7</load_address>
         <run_address>0x22a7</run_address>
         <size>0x7f</size>
         <input_file_ref idref="fl-d1"/>
      </object_component>
      <object_component id="oc-1a9">
         <name>.debug_line</name>
         <load_address>0x2326</load_address>
         <run_address>0x2326</run_address>
         <size>0x94</size>
         <input_file_ref idref="fl-d1"/>
      </object_component>
      <object_component id="oc-ca">
         <name>.debug_line</name>
         <load_address>0x23ba</load_address>
         <run_address>0x23ba</run_address>
         <size>0x94</size>
         <input_file_ref idref="fl-d1"/>
      </object_component>
      <object_component id="oc-e8">
         <name>.debug_line</name>
         <load_address>0x244e</load_address>
         <run_address>0x244e</run_address>
         <size>0xee</size>
         <input_file_ref idref="fl-d1"/>
      </object_component>
      <object_component id="oc-f4">
         <name>.debug_line</name>
         <load_address>0x253c</load_address>
         <run_address>0x253c</run_address>
         <size>0x11a</size>
         <input_file_ref idref="fl-d1"/>
      </object_component>
      <object_component id="oc-216">
         <name>.debug_line</name>
         <load_address>0x2656</load_address>
         <run_address>0x2656</run_address>
         <size>0x7f</size>
         <input_file_ref idref="fl-d1"/>
      </object_component>
      <object_component id="oc-21d">
         <name>.debug_line</name>
         <load_address>0x26d5</load_address>
         <run_address>0x26d5</run_address>
         <size>0x82</size>
         <input_file_ref idref="fl-d2"/>
      </object_component>
      <object_component id="oc-1b5">
         <name>.debug_line</name>
         <load_address>0x2757</load_address>
         <run_address>0x2757</run_address>
         <size>0x93</size>
         <input_file_ref idref="fl-d2"/>
      </object_component>
      <object_component id="oc-225">
         <name>.debug_line</name>
         <load_address>0x27ea</load_address>
         <run_address>0x27ea</run_address>
         <size>0x96</size>
         <input_file_ref idref="fl-d2"/>
      </object_component>
      <object_component id="oc-1af">
         <name>.debug_line</name>
         <load_address>0x2880</load_address>
         <run_address>0x2880</run_address>
         <size>0xb3</size>
         <input_file_ref idref="fl-d2"/>
      </object_component>
      <object_component id="oc-d6">
         <name>.debug_line</name>
         <load_address>0x2933</load_address>
         <run_address>0x2933</run_address>
         <size>0x92</size>
         <input_file_ref idref="fl-d2"/>
      </object_component>
      <object_component id="oc-1bb">
         <name>.debug_line</name>
         <load_address>0x29c5</load_address>
         <run_address>0x29c5</run_address>
         <size>0x93</size>
         <input_file_ref idref="fl-d2"/>
      </object_component>
      <object_component id="oc-1c1">
         <name>.debug_line</name>
         <load_address>0x2a58</load_address>
         <run_address>0x2a58</run_address>
         <size>0x93</size>
         <input_file_ref idref="fl-d2"/>
      </object_component>
      <object_component id="oc-99">
         <name>.debug_frame</name>
         <load_address>0x0</load_address>
         <run_address>0x0</run_address>
         <size>0x8c</size>
         <input_file_ref idref="fl-2"/>
      </object_component>
      <object_component id="oc-29">
         <name>.debug_frame</name>
         <load_address>0x8c</load_address>
         <run_address>0x8c</run_address>
         <size>0x90</size>
         <input_file_ref idref="fl-3"/>
      </object_component>
      <object_component id="oc-e2">
         <name>.debug_frame</name>
         <load_address>0x11c</load_address>
         <run_address>0x11c</run_address>
         <size>0x100</size>
         <input_file_ref idref="fl-4"/>
      </object_component>
      <object_component id="oc-49">
         <name>.debug_frame</name>
         <load_address>0x21c</load_address>
         <run_address>0x21c</run_address>
         <size>0x54</size>
         <input_file_ref idref="fl-c0"/>
      </object_component>
      <object_component id="oc-1a">
         <name>.debug_frame</name>
         <load_address>0x270</load_address>
         <run_address>0x270</run_address>
         <size>0x54</size>
         <input_file_ref idref="fl-c1"/>
      </object_component>
      <object_component id="oc-16">
         <name>.debug_frame</name>
         <load_address>0x2c4</load_address>
         <run_address>0x2c4</run_address>
         <size>0x60</size>
         <input_file_ref idref="fl-c2"/>
      </object_component>
      <object_component id="oc-5b">
         <name>.debug_frame</name>
         <load_address>0x324</load_address>
         <run_address>0x324</run_address>
         <size>0x50</size>
         <input_file_ref idref="fl-c3"/>
      </object_component>
      <object_component id="oc-15b">
         <name>.debug_frame</name>
         <load_address>0x374</load_address>
         <run_address>0x374</run_address>
         <size>0x5c</size>
         <input_file_ref idref="fl-c7"/>
      </object_component>
      <object_component id="oc-97">
         <name>.debug_frame</name>
         <load_address>0x3d0</load_address>
         <run_address>0x3d0</run_address>
         <size>0x54</size>
         <input_file_ref idref="fl-c8"/>
      </object_component>
      <object_component id="oc-14c">
         <name>.debug_frame</name>
         <load_address>0x424</load_address>
         <run_address>0x424</run_address>
         <size>0x54</size>
         <input_file_ref idref="fl-ca"/>
      </object_component>
      <object_component id="oc-13d">
         <name>.debug_frame</name>
         <load_address>0x478</load_address>
         <run_address>0x478</run_address>
         <size>0x8a</size>
         <input_file_ref idref="fl-cd"/>
      </object_component>
      <object_component id="oc-143">
         <name>.debug_frame</name>
         <load_address>0x502</load_address>
         <run_address>0x502</run_address>
         <size>0x7f</size>
         <input_file_ref idref="fl-cd"/>
      </object_component>
      <object_component id="oc-118">
         <name>.debug_frame</name>
         <load_address>0x581</load_address>
         <run_address>0x581</run_address>
         <size>0x7f</size>
         <input_file_ref idref="fl-cd"/>
      </object_component>
      <object_component id="oc-137">
         <name>.debug_frame</name>
         <load_address>0x600</load_address>
         <run_address>0x600</run_address>
         <size>0x8e</size>
         <input_file_ref idref="fl-cd"/>
      </object_component>
      <object_component id="oc-10c">
         <name>.debug_frame</name>
         <load_address>0x68e</load_address>
         <run_address>0x68e</run_address>
         <size>0x86</size>
         <input_file_ref idref="fl-cd"/>
      </object_component>
      <object_component id="oc-10f">
         <name>.debug_frame</name>
         <load_address>0x714</load_address>
         <run_address>0x714</run_address>
         <size>0x83</size>
         <input_file_ref idref="fl-cd"/>
      </object_component>
      <object_component id="oc-103">
         <name>.debug_frame</name>
         <load_address>0x797</load_address>
         <run_address>0x797</run_address>
         <size>0x7f</size>
         <input_file_ref idref="fl-cd"/>
      </object_component>
      <object_component id="oc-19d">
         <name>.debug_frame</name>
         <load_address>0x816</load_address>
         <run_address>0x816</run_address>
         <size>0x7f</size>
         <input_file_ref idref="fl-ce"/>
      </object_component>
      <object_component id="oc-1a3">
         <name>.debug_frame</name>
         <load_address>0x895</load_address>
         <run_address>0x895</run_address>
         <size>0x8f</size>
         <input_file_ref idref="fl-ce"/>
      </object_component>
      <object_component id="oc-dd">
         <name>.debug_frame</name>
         <load_address>0x924</load_address>
         <run_address>0x924</run_address>
         <size>0x86</size>
         <input_file_ref idref="fl-ce"/>
      </object_component>
      <object_component id="oc-ef">
         <name>.debug_frame</name>
         <load_address>0x9aa</load_address>
         <run_address>0x9aa</run_address>
         <size>0x86</size>
         <input_file_ref idref="fl-ce"/>
      </object_component>
      <object_component id="oc-d1">
         <name>.debug_frame</name>
         <load_address>0xa30</load_address>
         <run_address>0xa30</run_address>
         <size>0x86</size>
         <input_file_ref idref="fl-ce"/>
      </object_component>
      <object_component id="oc-100">
         <name>.debug_frame</name>
         <load_address>0xab6</load_address>
         <run_address>0xab6</run_address>
         <size>0x7f</size>
         <input_file_ref idref="fl-d0"/>
      </object_component>
      <object_component id="oc-126">
         <name>.debug_frame</name>
         <load_address>0xb35</load_address>
         <run_address>0xb35</run_address>
         <size>0x7f</size>
         <input_file_ref idref="fl-d0"/>
      </object_component>
      <object_component id="oc-11f">
         <name>.debug_frame</name>
         <load_address>0xbb4</load_address>
         <run_address>0xbb4</run_address>
         <size>0x83</size>
         <input_file_ref idref="fl-d0"/>
      </object_component>
      <object_component id="oc-132">
         <name>.debug_frame</name>
         <load_address>0xc37</load_address>
         <run_address>0xc37</run_address>
         <size>0x7f</size>
         <input_file_ref idref="fl-d0"/>
      </object_component>
      <object_component id="oc-fb">
         <name>.debug_frame</name>
         <load_address>0xcb6</load_address>
         <run_address>0xcb6</run_address>
         <size>0x86</size>
         <input_file_ref idref="fl-d0"/>
      </object_component>
      <object_component id="oc-12c">
         <name>.debug_frame</name>
         <load_address>0xd3c</load_address>
         <run_address>0xd3c</run_address>
         <size>0x7f</size>
         <input_file_ref idref="fl-d0"/>
      </object_component>
      <object_component id="oc-1aa">
         <name>.debug_frame</name>
         <load_address>0xdbb</load_address>
         <run_address>0xdbb</run_address>
         <size>0x7f</size>
         <input_file_ref idref="fl-d1"/>
      </object_component>
      <object_component id="oc-cb">
         <name>.debug_frame</name>
         <load_address>0xe3a</load_address>
         <run_address>0xe3a</run_address>
         <size>0x7f</size>
         <input_file_ref idref="fl-d1"/>
      </object_component>
      <object_component id="oc-e9">
         <name>.debug_frame</name>
         <load_address>0xeb9</load_address>
         <run_address>0xeb9</run_address>
         <size>0x93</size>
         <input_file_ref idref="fl-d1"/>
      </object_component>
      <object_component id="oc-f5">
         <name>.debug_frame</name>
         <load_address>0xf4c</load_address>
         <run_address>0xf4c</run_address>
         <size>0x8e</size>
         <input_file_ref idref="fl-d1"/>
      </object_component>
      <object_component id="oc-1b6">
         <name>.debug_frame</name>
         <load_address>0xfda</load_address>
         <run_address>0xfda</run_address>
         <size>0x7f</size>
         <input_file_ref idref="fl-d2"/>
      </object_component>
      <object_component id="oc-226">
         <name>.debug_frame</name>
         <load_address>0x1059</load_address>
         <run_address>0x1059</run_address>
         <size>0x7f</size>
         <input_file_ref idref="fl-d2"/>
      </object_component>
      <object_component id="oc-1b0">
         <name>.debug_frame</name>
         <load_address>0x10d8</load_address>
         <run_address>0x10d8</run_address>
         <size>0x8a</size>
         <input_file_ref idref="fl-d2"/>
      </object_component>
      <object_component id="oc-d7">
         <name>.debug_frame</name>
         <load_address>0x1162</load_address>
         <run_address>0x1162</run_address>
         <size>0x7f</size>
         <input_file_ref idref="fl-d2"/>
      </object_component>
      <object_component id="oc-1bc">
         <name>.debug_frame</name>
         <load_address>0x11e1</load_address>
         <run_address>0x11e1</run_address>
         <size>0x7f</size>
         <input_file_ref idref="fl-d2"/>
      </object_component>
      <object_component id="oc-1c2">
         <name>.debug_frame</name>
         <load_address>0x1260</load_address>
         <run_address>0x1260</run_address>
         <size>0x7f</size>
         <input_file_ref idref="fl-d2"/>
      </object_component>
      <object_component id="oc-188">
         <name>.debug_abbrev</name>
         <load_address>0x0</load_address>
         <run_address>0x0</run_address>
         <size>0xed</size>
         <input_file_ref idref="fl-2"/>
      </object_component>
      <object_component id="oc-149">
         <name>.debug_abbrev</name>
         <load_address>0xed</load_address>
         <run_address>0xed</run_address>
         <size>0x9b</size>
         <input_file_ref idref="fl-2"/>
      </object_component>
      <object_component id="oc-6f">
         <name>.debug_abbrev</name>
         <load_address>0x188</load_address>
         <run_address>0x188</run_address>
         <size>0x69</size>
         <input_file_ref idref="fl-2"/>
      </object_component>
      <object_component id="oc-b1">
         <name>.debug_abbrev</name>
         <load_address>0x1f1</load_address>
         <run_address>0x1f1</run_address>
         <size>0x1f</size>
         <input_file_ref idref="fl-2"/>
      </object_component>
      <object_component id="oc-ac">
         <name>.debug_abbrev</name>
         <load_address>0x210</load_address>
         <run_address>0x210</run_address>
         <size>0x5c</size>
         <input_file_ref idref="fl-2"/>
      </object_component>
      <object_component id="oc-74">
         <name>.debug_abbrev</name>
         <load_address>0x26c</load_address>
         <run_address>0x26c</run_address>
         <size>0x24</size>
         <input_file_ref idref="fl-2"/>
      </object_component>
      <object_component id="oc-1d8">
         <name>.debug_abbrev</name>
         <load_address>0x290</load_address>
         <run_address>0x290</run_address>
         <size>0x24</size>
         <input_file_ref idref="fl-2"/>
      </object_component>
      <object_component id="oc-6b">
         <name>.debug_abbrev</name>
         <load_address>0x2b4</load_address>
         <run_address>0x2b4</run_address>
         <size>0x68</size>
         <input_file_ref idref="fl-3"/>
      </object_component>
      <object_component id="oc-2a">
         <name>.debug_abbrev</name>
         <load_address>0x31c</load_address>
         <run_address>0x31c</run_address>
         <size>0x29</size>
         <input_file_ref idref="fl-3"/>
      </object_component>
      <object_component id="oc-6a">
         <name>.debug_abbrev</name>
         <load_address>0x345</load_address>
         <run_address>0x345</run_address>
         <size>0x79</size>
         <input_file_ref idref="fl-3"/>
      </object_component>
      <object_component id="oc-35">
         <name>.debug_abbrev</name>
         <load_address>0x3be</load_address>
         <run_address>0x3be</run_address>
         <size>0x1f</size>
         <input_file_ref idref="fl-3"/>
      </object_component>
      <object_component id="oc-23a">
         <name>.debug_abbrev</name>
         <load_address>0x3dd</load_address>
         <run_address>0x3dd</run_address>
         <size>0xc2</size>
         <input_file_ref idref="fl-4"/>
      </object_component>
      <object_component id="oc-22d">
         <name>.debug_abbrev</name>
         <load_address>0x49f</load_address>
         <run_address>0x49f</run_address>
         <size>0x27</size>
         <input_file_ref idref="fl-4"/>
      </object_component>
      <object_component id="oc-238">
         <name>.debug_abbrev</name>
         <load_address>0x4c6</load_address>
         <run_address>0x4c6</run_address>
         <size>0x27</size>
         <input_file_ref idref="fl-4"/>
      </object_component>
      <object_component id="oc-22f">
         <name>.debug_abbrev</name>
         <load_address>0x4ed</load_address>
         <run_address>0x4ed</run_address>
         <size>0x27</size>
         <input_file_ref idref="fl-4"/>
      </object_component>
      <object_component id="oc-22b">
         <name>.debug_abbrev</name>
         <load_address>0x514</load_address>
         <run_address>0x514</run_address>
         <size>0x27</size>
         <input_file_ref idref="fl-4"/>
      </object_component>
      <object_component id="oc-1d4">
         <name>.debug_abbrev</name>
         <load_address>0x53b</load_address>
         <run_address>0x53b</run_address>
         <size>0xba</size>
         <input_file_ref idref="fl-4"/>
      </object_component>
      <object_component id="oc-236">
         <name>.debug_abbrev</name>
         <load_address>0x5f5</load_address>
         <run_address>0x5f5</run_address>
         <size>0x4a</size>
         <input_file_ref idref="fl-bf"/>
      </object_component>
      <object_component id="oc-c2">
         <name>.debug_abbrev</name>
         <load_address>0x63f</load_address>
         <run_address>0x63f</run_address>
         <size>0x5d</size>
         <input_file_ref idref="fl-c0"/>
      </object_component>
      <object_component id="oc-85">
         <name>.debug_abbrev</name>
         <load_address>0x69c</load_address>
         <run_address>0x69c</run_address>
         <size>0x6f</size>
         <input_file_ref idref="fl-c0"/>
      </object_component>
      <object_component id="oc-88">
         <name>.debug_abbrev</name>
         <load_address>0x70b</load_address>
         <run_address>0x70b</run_address>
         <size>0x24</size>
         <input_file_ref idref="fl-c0"/>
      </object_component>
      <object_component id="oc-bf">
         <name>.debug_abbrev</name>
         <load_address>0x72f</load_address>
         <run_address>0x72f</run_address>
         <size>0x24</size>
         <input_file_ref idref="fl-c0"/>
      </object_component>
      <object_component id="oc-83">
         <name>.debug_abbrev</name>
         <load_address>0x753</load_address>
         <run_address>0x753</run_address>
         <size>0x37</size>
         <input_file_ref idref="fl-c1"/>
      </object_component>
      <object_component id="oc-3d">
         <name>.debug_abbrev</name>
         <load_address>0x78a</load_address>
         <run_address>0x78a</run_address>
         <size>0x74</size>
         <input_file_ref idref="fl-c1"/>
      </object_component>
      <object_component id="oc-40">
         <name>.debug_abbrev</name>
         <load_address>0x7fe</load_address>
         <run_address>0x7fe</run_address>
         <size>0x24</size>
         <input_file_ref idref="fl-c1"/>
      </object_component>
      <object_component id="oc-80">
         <name>.debug_abbrev</name>
         <load_address>0x822</load_address>
         <run_address>0x822</run_address>
         <size>0x24</size>
         <input_file_ref idref="fl-c1"/>
      </object_component>
      <object_component id="oc-bb">
         <name>.debug_abbrev</name>
         <load_address>0x846</load_address>
         <run_address>0x846</run_address>
         <size>0x37</size>
         <input_file_ref idref="fl-c2"/>
      </object_component>
      <object_component id="oc-2d">
         <name>.debug_abbrev</name>
         <load_address>0x87d</load_address>
         <run_address>0x87d</run_address>
         <size>0x6f</size>
         <input_file_ref idref="fl-c2"/>
      </object_component>
      <object_component id="oc-30">
         <name>.debug_abbrev</name>
         <load_address>0x8ec</load_address>
         <run_address>0x8ec</run_address>
         <size>0x24</size>
         <input_file_ref idref="fl-c2"/>
      </object_component>
      <object_component id="oc-b8">
         <name>.debug_abbrev</name>
         <load_address>0x910</load_address>
         <run_address>0x910</run_address>
         <size>0x35</size>
         <input_file_ref idref="fl-c2"/>
      </object_component>
      <object_component id="oc-79">
         <name>.debug_abbrev</name>
         <load_address>0x945</load_address>
         <run_address>0x945</run_address>
         <size>0x24</size>
         <input_file_ref idref="fl-c2"/>
      </object_component>
      <object_component id="oc-68">
         <name>.debug_abbrev</name>
         <load_address>0x969</load_address>
         <run_address>0x969</run_address>
         <size>0x29</size>
         <input_file_ref idref="fl-c3"/>
      </object_component>
      <object_component id="oc-a1">
         <name>.debug_abbrev</name>
         <load_address>0x992</load_address>
         <run_address>0x992</run_address>
         <size>0x55</size>
[...]
      <logical_group id="lg-28f" display="never" color="cyan">
         <name>.debug_pubnames</name>
         <load_address>0x0</load_address>
         <run_address>0x0</run_address>
         <size>0x84c</size>
         <contents>
            <object_component_ref idref="oc-b5"/>
            <object_component_ref idref="oc-9d"/>
            <object_component_ref idref="oc-11"/>
            <object_component_ref idref="oc-27"/>
            <object_component_ref idref="oc-1c8"/>
            <object_component_ref idref="oc-1d3"/>
            <object_component_ref idref="oc-1cb"/>
            <object_component_ref idref="oc-1c5"/>
            <object_component_ref idref="oc-e1"/>
            <object_component_ref idref="oc-1d0"/>
            <object_component_ref idref="oc-47"/>
            <object_component_ref idref="oc-1c"/>
            <object_component_ref idref="oc-14"/>
            <object_component_ref idref="oc-23"/>
            <object_component_ref idref="oc-58"/>
            <object_component_ref idref="oc-233"/>
            <object_component_ref idref="oc-3b"/>
            <object_component_ref idref="oc-158"/>
            <object_component_ref idref="oc-95"/>
            <object_component_ref idref="oc-14f"/>
            <object_component_ref idref="oc-1e6"/>
            <object_component_ref idref="oc-13c"/>
            <object_component_ref idref="oc-142"/>
            <object_component_ref idref="oc-117"/>
            <object_component_ref idref="oc-136"/>
            <object_component_ref idref="oc-10b"/>
            <object_component_ref idref="oc-112"/>
            <object_component_ref idref="oc-106"/>
            <object_component_ref idref="oc-193"/>
            <object_component_ref idref="oc-19b"/>
            <object_component_ref idref="oc-1a2"/>
            <object_component_ref idref="oc-dc"/>
            <object_component_ref idref="oc-ee"/>
            <object_component_ref idref="oc-d0"/>
            <object_component_ref idref="oc-ff"/>
            <object_component_ref idref="oc-125"/>
            <object_component_ref idref="oc-11e"/>
            <object_component_ref idref="oc-12f"/>
            <object_component_ref idref="oc-f8"/>
            <object_component_ref idref="oc-12a"/>
            <object_component_ref idref="oc-1df"/>
            <object_component_ref idref="oc-1a8"/>
            <object_component_ref idref="oc-c9"/>
            <object_component_ref idref="oc-e7"/>
            <object_component_ref idref="oc-f3"/>
            <object_component_ref idref="oc-1b4"/>
            <object_component_ref idref="oc-224"/>
            <object_component_ref idref="oc-1ae"/>
            <object_component_ref idref="oc-d5"/>
            <object_component_ref idref="oc-1ba"/>
            <object_component_ref idref="oc-1c0"/>
         </contents>
      </logical_group>
      <logical_group id="lg-291" display="never" color="cyan">
         <name>.debug_pubtypes</name>
         <load_address>0x0</load_address>
         <run_address>0x0</run_address>
         <size>0xca5</size>
         <contents>
            <object_component_ref idref="oc-6e"/>
            <object_component_ref idref="oc-b0"/>
            <object_component_ref idref="oc-ab"/>
            <object_component_ref idref="oc-73"/>
            <object_component_ref idref="oc-1d7"/>
            <object_component_ref idref="oc-34"/>
            <object_component_ref idref="oc-87"/>
            <object_component_ref idref="oc-be"/>
            <object_component_ref idref="oc-3f"/>
            <object_component_ref idref="oc-7f"/>
            <object_component_ref idref="oc-2f"/>
            <object_component_ref idref="oc-b7"/>
            <object_component_ref idref="oc-78"/>
            <object_component_ref idref="oc-253"/>
            <object_component_ref idref="oc-269"/>
            <object_component_ref idref="oc-258"/>
            <object_component_ref idref="oc-25d"/>
            <object_component_ref idref="oc-18c"/>
            <object_component_ref idref="oc-214"/>
         </contents>
      </logical_group>
      <load_segment id="lg-2a7" display="no" color="cyan">
         <name>SEGMENT_0</name>
         <load_address>0x0</load_address>
         <run_address>0x0</run_address>
         <size>0x13c0</size>
         <flags>0x5</flags>
         <contents>
            <logical_group_ref idref="lg-3"/>
            <logical_group_ref idref="lg-4"/>
            <logical_group_ref idref="lg-5"/>
            <logical_group_ref idref="lg-6"/>
         </contents>
      </load_segment>
      <load_segment id="lg-2a8" display="no" color="cyan">
         <name>SEGMENT_1</name>
         <run_address>0x20000000</run_address>
         <size>0x221</size>
         <flags>0x6</flags>
         <contents>
            <logical_group_ref idref="lg-d"/>
            <logical_group_ref idref="lg-b"/>
            <logical_group_ref idref="lg-a"/>
         </contents>
      </load_segment>
   </logical_group_list>
   <placement_map>
      <memory_area display="yes" color="green">
         <name>FLASH</name>
         <page_id>0x0</page_id>
         <origin>0x0</origin>
         <length>0x40000</length>
         <used_space>0x13be</used_space>
         <unused_space>0x3ec42</unused_space>
         <attributes>RX</attributes>
         <usage_details>
            <allocated_space>
               <start_address>0x0</start_address>
               <size>0x26c</size>
               <logical_group_ref idref="lg-3"/>
            </allocated_space>
            <allocated_space>
               <start_address>0x26c</start_address>
               <size>0xff6</size>
               <logical_group_ref idref="lg-4"/>
            </allocated_space>
            <available_space>
               <start_address>0x1262</start_address>
               <size>0x2</size>
            </available_space>
            <allocated_space>
               <start_address>0x1264</start_address>
               <size>0x12c</size>
               <logical_group_ref idref="lg-5"/>
            </allocated_space>
            <allocated_space>
               <start_address>0x1390</start_address>
               <size>0x30</size>
               <logical_group_ref idref="lg-6"/>
            </allocated_space>
            <available_space>
               <start_address>0x13c0</start_address>
               <size>0x3ec40</size>
            </available_space>
         </usage_details>
      </memory_area>
      <memory_area display="yes" color="green">
         <name>SRAM</name>
         <page_id>0x0</page_id>
         <origin>0x20000000</origin>
         <length>0x8000</length>
         <used_space>0x221</used_space>
         <unused_space>0x7ddf</unused_space>
         <attributes>RWX</attributes>
         <usage_details>
            <allocated_space>
               <start_address>0x20000000</start_address>
               <size>0x200</size>
               <logical_group_ref idref="lg-d"/>
            </allocated_space>
            <allocated_space>
               <start_address>0x20000200</start_address>
               <size>0x1c</size>
               <logical_group_ref idref="lg-b"/>
            </allocated_space>
            <allocated_space>
               <start_address>0x2000021c</start_address>
               <size>0x5</size>
               <logical_group_ref idref="lg-a"/>
            </allocated_space>
            <available_space>
               <start_address>0x20000221</start_address>
               <size>0x7ddf</size>
            </available_space>
         </usage_details>
      </memory_area>
   </placement_map>
   <cptbl_list>
      <cptbl>
         <name>__TI_cinit_table</name>
         <cprec>
            <name>.bss</name>
            <load_address>0x13a0</load_address>
            <load_size>0x8</load_size>
            <run_address>0x20000200</run_address>
            <run_size>0x1c</run_size>
            <compression>zero_init</compression>
         </cprec>
         <cprec>
            <name>.data</name>
            <load_address>0x13a8</load_address>
            <load_size>0x7</load_size>
            <run_address>0x2000021c</run_address>
            <run_size>0x5</run_size>
            <compression>lzss</compression>
         </cprec>
      </cptbl>
   </cptbl_list>
   <handler_table>
      <handler_table_name>__TI_handler_table</handler_table_name>
      <handler>
         <index>0x0</index>
         <name>__TI_decompress_lzss</name>
      </handler>
      <handler>
         <index>0x1</index>
         <name>__TI_decompress_none</name>
      </handler>
      <handler>
         <index>0x2</index>
         <name>__TI_zero_init</name>
      </handler>
   </handler_table>
   <symbol_table>
      <symbol id="sm-1">
         <name>__STACK_TOP</name>
         <value>0x20000200</value>
      </symbol>
      <symbol id="sm-2">
         <name>__TI_CINIT_Base</name>
         <value>0x13b0</value>
      </symbol>
      <symbol id="sm-3">
         <name>__TI_CINIT_Limit</name>
         <value>0x13c0</value>
      </symbol>
      <symbol id="sm-4">
         <name>__TI_Handler_Table_Base</name>
         <value>0x1390</value>
      </symbol>
      <symbol id="sm-5">
         <name>__TI_Handler_Table_Limit</name>
         <value>0x139c</value>
      </symbol>
      <symbol id="sm-6">
         <name>binit</name>
         <value>0xffffffff</value>
      </symbol>
      <symbol id="sm-7">
         <name>__binit__</name>
         <value>0xffffffff</value>
      </symbol>
      <symbol id="sm-8">
         <name>__STACK_SIZE</name>
         <value>0x200</value>
      </symbol>
      <symbol id="sm-9">
         <name>__STACK_END</name>
         <value>0x20000200</value>
      </symbol>
      <symbol id="sm-a">
         <name>__c_args__</name>
         <value>0xffffffff</value>
      </symbol>
      <symbol id="sm-b">
         <name>__TI_pprof_out_hndl</name>
         <value>0xffffffff</value>
      </symbol>
      <symbol id="sm-c">
         <name>__TI_prof_data_start</name>
         <value>0xffffffff</value>
      </symbol>
      <symbol id="sm-d">
         <name>__TI_prof_data_size</name>
         <value>0xffffffff</value>
      </symbol>
      <symbol id="sm-6b">
         <name>ui32ADC0Value</name>
         <value>0x20000200</value>
      </symbol>
      <symbol id="sm-6c">
         <name>ui32TempAvg</name>
         <value>0x20000210</value>
      </symbol>
      <symbol id="sm-6d">
         <name>ui32TempValueC</name>
         <value>0x20000214</value>
      </symbol>
      <symbol id="sm-6e">
         <name>ui32TempValueF</name>
         <value>0x20000218</value>
      </symbol>
      <symbol id="sm-6f">
         <name>main</name>
         <value>0x745</value>
         <object_component_ref idref="oc-98"/>
      </symbol>
      <symbol id="sm-70">
         <name>InitConsole</name>
         <value>0x709</value>
         <object_component_ref idref="oc-98"/>
      </symbol>
      <symbol id="sm-71">
         <name>configADC</name>
         <value>0x8f1</value>
         <object_component_ref idref="oc-98"/>
      </symbol>
      <symbol id="sm-92">
         <name>ResetISR</name>
         <value>0x1209</value>
         <object_component_ref idref="oc-24"/>
      </symbol>
      <symbol id="sm-93">
         <name>g_pfnVectors</name>
         <value>0x0</value>
         <object_component_ref idref="oc-f"/>
      </symbol>
      <symbol id="sm-102">
         <name>UARTgetc</name>
         <value>0x3b3</value>
         <object_component_ref idref="oc-de"/>
      </symbol>
      <symbol id="sm-103">
         <name>UARTgets</name>
         <value>0x2f9</value>
         <object_component_ref idref="oc-de"/>
      </symbol>
      <symbol id="sm-104">
         <name>UARTStdioConfig</name>
         <value>0x26d</value>
         <object_component_ref idref="oc-de"/>
      </symbol>
      <symbol id="sm-105">
         <name>UARTwrite</name>
         <value>0x2b3</value>
         <object_component_ref idref="oc-de"/>
      </symbol>
      <symbol id="sm-106">
         <name>UARTprintf</name>
         <value>0x6d3</value>
         <object_component_ref idref="oc-de"/>
      </symbol>
      <symbol id="sm-107">
         <name>UARTvprintf</name>
         <value>0x3d9</value>
         <object_component_ref idref="oc-de"/>
      </symbol>
      <symbol id="sm-116">
         <name>__aeabi_uidivmod</name>
         <value>0xfb1</value>
         <object_component_ref idref="oc-1cc"/>
      </symbol>
      <symbol id="sm-117">
         <name>__aeabi_uidiv</name>
         <value>0xfb1</value>
         <object_component_ref idref="oc-1cc"/>
      </symbol>
      <symbol id="sm-130">
         <name>__TI_zero_init_nomemset</name>
         <value>0x1163</value>
         <object_component_ref idref="oc-44"/>
      </symbol>
      <symbol id="sm-147">
         <name>__TI_decompress_none</name>
         <value>0x11ef</value>
         <object_component_ref idref="oc-18"/>
      </symbol>
      <symbol id="sm-16a">
         <name>__TI_decompress_lzss</name>
         <value>0xe23</value>
         <object_component_ref idref="oc-12"/>
      </symbol>
      <symbol id="sm-17d">
         <name>__stack</name>
         <value>0x20000000</value>
         <object_component_ref idref="oc-21"/>
      </symbol>
      <symbol id="sm-17e">
         <name>_c_int00_noargs</name>
         <value>0x1099</value>
         <object_component_ref idref="oc-56"/>
      </symbol>
      <symbol id="sm-188">
         <name>__aeabi_idiv0</name>
         <value>0xb07</value>
         <object_component_ref idref="oc-231"/>
      </symbol>
      <symbol id="sm-189">
         <name>__aeabi_ldiv0</name>
         <value>0xb07</value>
         <object_component_ref idref="oc-231"/>
      </symbol>
      <symbol id="sm-1a5">
         <name>memcpy</name>
         <value>0xd0d</value>
         <object_component_ref idref="oc-38"/>
      </symbol>
      <symbol id="sm-1a6">
         <name>__aeabi_memcpy</name>
         <value>0xd0d</value>
         <object_component_ref idref="oc-38"/>
      </symbol>
      <symbol id="sm-1a7">
         <name>__aeabi_memcpy8</name>
         <value>0xd0d</value>
         <object_component_ref idref="oc-38"/>
      </symbol>
      <symbol id="sm-1a8">
         <name>__aeabi_memcpy4</name>
         <value>0xd0d</value>
         <object_component_ref idref="oc-38"/>
      </symbol>
      <symbol id="sm-1d0">
         <name>__TI_auto_init_nobinit_nopinit</name>
         <value>0xf6d</value>
         <object_component_ref idref="oc-156"/>
      </symbol>
      <symbol id="sm-1da">
         <name>_system_pre_init</name>
         <value>0x125b</value>
         <object_component_ref idref="oc-92"/>
      </symbol>
      <symbol id="sm-1e6">
         <name>C$$EXIT</name>
         <value>0x125f</value>
         <object_component_ref idref="oc-14a"/>
      </symbol>
      <symbol id="sm-1e7">
         <name>abort</name>
         <value>0x125f</value>
         <object_component_ref idref="oc-14a"/>
      </symbol>
      <symbol id="sm-234">
         <name>ADCProcessorTrigger</name>
         <value>0x117f</value>
         <object_component_ref idref="oc-108"/>
      </symbol>
      <symbol id="sm-235">
         <name>ADCSequenceEnable</name>
         <value>0x11e1</value>
         <object_component_ref idref="oc-13f"/>
      </symbol>
      <symbol id="sm-236">
         <name>ADCSequenceConfigure</name>
         <value>0xe8b</value>
         <object_component_ref idref="oc-133"/>
      </symbol>
      <symbol id="sm-237">
         <name>ADCSequenceStepConfigure</name>
         <value>0xda9</value>
         <object_component_ref idref="oc-139"/>
      </symbol>
      <symbol id="sm-238">
         <name>ADCIntClear</name>
         <value>0x1215</value>
         <object_component_ref idref="oc-102"/>
      </symbol>
      <symbol id="sm-239">
         <name>ADCIntStatus</name>
         <value>0x10cd</value>
         <object_component_ref idref="oc-10e"/>
      </symbol>
      <symbol id="sm-23a">
         <name>ADCSequenceDataGet</name>
         <value>0x1145</value>
         <object_component_ref idref="oc-114"/>
      </symbol>
      <symbol id="sm-274">
         <name>GPIOPinConfigure</name>
         <value>0xedd</value>
         <object_component_ref idref="oc-cc"/>
      </symbol>
      <symbol id="sm-275">
         <name>GPIOPinTypeUART</name>
         <value>0x11bd</value>
         <object_component_ref idref="oc-d8"/>
      </symbol>
      <symbol id="sm-276">
         <name>GPIODirModeSet</name>
         <value>0x10fb</value>
         <object_component_ref idref="oc-198"/>
      </symbol>
      <symbol id="sm-277">
         <name>GPIOPadConfigSet</name>
         <value>0x9d5</value>
         <object_component_ref idref="oc-19e"/>
      </symbol>
      <symbol id="sm-278">
         <name>GPIOPinTypeSSI</name>
         <value>0x11ab</value>
         <object_component_ref idref="oc-ea"/>
      </symbol>
      <symbol id="sm-2b2">
         <name>SSIDataPut</name>
         <value>0x121f</value>
         <object_component_ref idref="oc-121"/>
      </symbol>
      <symbol id="sm-2b3">
         <name>SSIDataGet</name>
         <value>0x11fd</value>
         <object_component_ref idref="oc-12d"/>
      </symbol>
      <symbol id="sm-2b4">
         <name>SSIDataGetNonBlocking</name>
         <value>0x11cf</value>
         <object_component_ref idref="oc-11a"/>
      </symbol>
      <symbol id="sm-2b5">
         <name>SSIConfigSetExpClk</name>
         <value>0xff1</value>
         <object_component_ref idref="oc-f6"/>
      </symbol>
      <symbol id="sm-2b6">
         <name>SSIEnable</name>
         <value>0x1229</value>
         <object_component_ref idref="oc-fc"/>
      </symbol>
      <symbol id="sm-2b7">
         <name>SSIBusy</name>
         <value>0x1247</value>
         <object_component_ref idref="oc-127"/>
      </symbol>
      <symbol id="sm-314">
         <name>SysCtlPeripheralPresent</name>
         <value>0x102d</value>
         <object_component_ref idref="oc-1a5"/>
      </symbol>
      <symbol id="sm-315">
         <name>SysCtlClockSet</name>
         <value>0xc19</value>
         <object_component_ref idref="oc-e4"/>
      </symbol>
      <symbol id="sm-316">
         <name>SysCtlDelay</name>
         <value>0x124f</value>
         <object_component_ref idref="oc-120"/>
      </symbol>
      <symbol id="sm-317">
         <name>SysCtlPeripheralEnable</name>
         <value>0x1065</value>
         <object_component_ref idref="oc-c6"/>
      </symbol>
      <symbol id="sm-318">
         <name>SysCtlClockGet</name>
         <value>0xb09</value>
         <object_component_ref idref="oc-f0"/>
      </symbol>
      <symbol id="sm-353">
         <name>UARTConfigSetExpClk</name>
         <value>0xf25</value>
         <object_component_ref idref="oc-1ab"/>
      </symbol>
      <symbol id="sm-354">
         <name>UARTDisable</name>
         <value>0x1125</value>
         <object_component_ref idref="oc-221"/>
      </symbol>
      <symbol id="sm-355">
         <name>UARTClockSourceSet</name>
         <value>0x1255</value>
         <object_component_ref idref="oc-d2"/>
      </symbol>
      <symbol id="sm-356">
         <name>UARTCharPut</name>
         <value>0x123d</value>
         <object_component_ref idref="oc-1b7"/>
      </symbol>
      <symbol id="sm-357">
         <name>UARTEnable</name>
         <value>0x1197</value>
         <object_component_ref idref="oc-1b1"/>
      </symbol>
      <symbol id="sm-358">
         <name>UARTCharGet</name>
         <value>0x1233</value>
         <object_component_ref idref="oc-1bd"/>
      </symbol>
      <symbol id="sm-35a">
         <name>__TI_static_base__</name>
         <value>0x0</value>
      </symbol>
      <symbol id="sm-35d">
         <name>__mpu_init</name>
         <value>0x0</value>
      </symbol>
      <symbol id="sm-35e">
         <name>_system_post_cinit</name>
         <value>0x0</value>
      </symbol>
   </symbol_table>
   <title>Link successful</title>
</link_info>
