******************************************************************************
                  TI ARM Linker PC v18.12.3                    
******************************************************************************
>> Linked Thu Oct 10 22:33:03 2019

OUTPUT FILE NAME:   <lab5_task_02.out>
ENTRY POINT SYMBOL: "_c_int00_noargs"  address: 00000949


MEMORY CONFIGURATION

         name            origin    length      used     unused   attr    fill
----------------------  --------  ---------  --------  --------  ----  --------
  FLASH                 00000000   00040000  00000bcc  0003f434  R  X
  SRAM                  20000000   00008000  00000220  00007de0  RW X


SEGMENT ALLOCATION MAP

run origin  load origin   length   init length attrs members
----------  ----------- ---------- ----------- ----- -------
00000000    00000000    00000bcc   00000bcc    r-x
  00000000    00000000    0000026c   0000026c    r-- .intvecs
  0000026c    0000026c    00000870   00000870    r-x .text
  00000adc    00000adc    000000dc   000000dc    r-- .const
  00000bb8    00000bb8    00000014   00000014    r-- .cinit
20000000    20000000    00000220   00000000    rw-
  20000000    20000000    00000200   00000000    rw- .stack
  20000200    20000200    00000020   00000000    rw- .bss


SECTION ALLOCATION MAP

 output                                  attributes/
section   page    origin      length       input sections
--------  ----  ----------  ----------   ----------------
.intvecs   0    00000000    0000026c     
                  00000000    0000026c     tm4c123gh6pm_startup_ccs.obj (.intvecs)

.text      0    0000026c    00000870     
                  0000026c    00000198     main.obj (.text)
                  00000404    00000132     driverlib.lib : gpio.obj (.text:GPIOPadConfigSet)
                  00000536    00000002     --HOLE-- [fill = 0]
                  00000538    00000110                   : sysctl.obj (.text:SysCtlClockGet)
                  00000648    000000f4                   : sysctl.obj (.text:SysCtlClockSet)
                  0000073c    0000007a                   : adc.obj (.text:ADCSequenceStepConfigure)
                  000007b6    00000002     --HOLE-- [fill = 0]
                  000007b8    00000068                   : interrupt.obj (.text:IntEnable)
                  00000820    00000060                   : timer.obj (.text:TimerConfigure)
                  00000880    00000050                   : adc.obj (.text:ADCSequenceConfigure)
                  000008d0    00000044     rtsv7M4_T_le_v4SPD16_eabi.lib : autoinit.c.obj (.text:__TI_auto_init_nobinit_nopinit:__TI_auto_init_nobinit_nopinit)
                  00000914    00000034     driverlib.lib : sysctl.obj (.text:SysCtlPeripheralEnable)
                  00000948    00000034     rtsv7M4_T_le_v4SPD16_eabi.lib : boot_cortex_m.c.obj (.text:_c_int00_noargs:_c_int00_noargs)
                  0000097c    0000002e     driverlib.lib : adc.obj (.text:ADCIntStatus)
                  000009aa    0000002a                   : gpio.obj (.text:GPIODirModeSet)
                  000009d4    0000001e                   : adc.obj (.text:ADCSequenceDataGet)
                  000009f2    0000001c     rtsv7M4_T_le_v4SPD16_eabi.lib : copy_zero_init.c.obj (.text:decompress:ZI:__TI_zero_init_nomemset:__TI_zero_init_nomemset)
                  00000a0e    00000018     driverlib.lib : adc.obj (.text:ADCProcessorTrigger)
                  00000a26    00000018                   : gpio.obj (.text:GPIOPinTypeGPIOOutput)
                  00000a3e    00000012                   : timer.obj (.text:TimerLoadSet)
                  00000a50    00000010                   : adc.obj (.text:ADCIntEnable)
                  00000a60    00000010                   : interrupt.obj (.text:IntMasterEnable)
                  00000a70    0000000e                   : adc.obj (.text:ADCHardwareOversampleConfigure)
                  00000a7e    0000000e                   : adc.obj (.text:ADCSequenceEnable)
                  00000a8c    0000000e                   : timer.obj (.text:TimerEnable)
                  00000a9a    0000000c                   : cpu.obj (.text:CPUcpsie)
                  00000aa6    0000000c     tm4c123gh6pm_startup_ccs.obj (.text)
                  00000ab2    0000000a     driverlib.lib : adc.obj (.text:ADCIntClear)
                  00000abc    00000008                   : timer.obj (.text:TimerIntEnable)
                  00000ac4    00000006                   : gpio.obj (.text:GPIOPinWrite)
                  00000aca    00000006                   : sysctl.obj (.text:SysCtlDelay)
                  00000ad0    00000004                   : timer.obj (.text:TimerIntClear)
                  00000ad4    00000004     rtsv7M4_T_le_v4SPD16_eabi.lib : pre_init.c.obj (.text:_system_pre_init)
                  00000ad8    00000004                                   : exit.c.obj (.text:abort:abort)

.const     0    00000adc    000000dc     
                  00000adc    00000070     driverlib.lib : interrupt.obj (.const)
                  00000b4c    0000006c                   : sysctl.obj (.const:g_pui32Xtals)

.cinit     0    00000bb8    00000014     
                  00000bb8    00000008     (.cinit..bss.load) [load image, compression = zero_init]
                  00000bc0    00000004     (__TI_handler_table)
                  00000bc4    00000008     (__TI_cinit_table)

.init_array 
*          0    00000000    00000000     UNINITIALIZED

.bss       0    20000200    00000020     UNINITIALIZED
                  20000200    00000010     (.common:ui32ADC0Value)
                  20000210    00000004     (.common:tPeriod)
                  20000214    00000004     (.common:ui32TempAvg)
                  20000218    00000004     (.common:ui32TempValueC)
                  2000021c    00000004     (.common:ui32TempValueF)

.stack     0    20000000    00000200     UNINITIALIZED
                  20000000    00000004     rtsv7M4_T_le_v4SPD16_eabi.lib : boot_cortex_m.c.obj (.stack)
                  20000004    000001fc     --HOLE--

MODULE SUMMARY

       Module                         code   ro data   rw data
       ------                         ----   -------   -------
    .\
       tm4c123gh6pm_startup_ccs.obj   12     620       0      
       main.obj                       408    0         32     
    +--+------------------------------+------+---------+---------+
       Total:                         420    620       32     
                                                              
    C:/ti/TivaWare_C_Series-2.1.4.178/driverlib/ccs/Debug/driverlib.lib
       sysctl.obj                     574    108       0      
       gpio.obj                       378    0         0      
       adc.obj                        356    0         0      
       interrupt.obj                  120    112       0      
       timer.obj                      140    0         0      
       cpu.obj                        12     0         0      
    +--+------------------------------+------+---------+---------+
       Total:                         1580   220       0      
                                                              
    C:\ti\ccs910\ccs\tools\compiler\ti-cgt-arm_18.12.3.LTS\lib\rtsv7M4_T_le_v4SPD16_eabi.lib
       autoinit.c.obj                 68     0         0      
       boot_cortex_m.c.obj            52     0         0      
       copy_zero_init.c.obj           28     0         0      
       exit.c.obj                     4      0         0      
       pre_init.c.obj                 4      0         0      
    +--+------------------------------+------+---------+---------+
       Total:                         156    0         0      
                                                              
       Stack:                         0      0         512    
       Linker Generated:              0      20        0      
    +--+------------------------------+------+---------+---------+
       Grand Total:                   2156   860       544    


LINKER GENERATED COPY TABLES

__TI_cinit_table @ 00000bc4 records: 1, size/record: 8, table size: 8
	.bss: load addr=00000bb8, load size=00000008 bytes, run addr=20000200, run size=00000020 bytes, compression=zero_init


LINKER GENERATED HANDLER TABLE

__TI_handler_table @ 00000bc0 records: 1, size/record: 4, table size: 4
	index: 0, handler: __TI_zero_init


GLOBAL SYMBOLS: SORTED ALPHABETICALLY BY Name 

address   name                          
-------   ----                          
00000a71  ADCHardwareOversampleConfigure
00000ab3  ADCIntClear                   
00000a51  ADCIntEnable                  
0000097d  ADCIntStatus                  
00000a0f  ADCProcessorTrigger           
00000881  ADCSequenceConfigure          
000009d5  ADCSequenceDataGet            
00000a7f  ADCSequenceEnable             
0000073d  ADCSequenceStepConfigure      
00000ad9  C$$EXIT                       
00000a9b  CPUcpsie                      
000009ab  GPIODirModeSet                
00000405  GPIOPadConfigSet              
00000a27  GPIOPinTypeGPIOOutput         
00000ac5  GPIOPinWrite                  
000007b9  IntEnable                     
00000a61  IntMasterEnable               
00000aa7  ResetISR                      
00000539  SysCtlClockGet                
00000649  SysCtlClockSet                
00000acb  SysCtlDelay                   
00000915  SysCtlPeripheralEnable        
00000327  Timer1IntHandler              
00000821  TimerConfigure                
00000a8d  TimerEnable                   
00000ad1  TimerIntClear                 
00000abd  TimerIntEnable                
00000a3f  TimerLoadSet                  
20000200  __STACK_END                   
00000200  __STACK_SIZE                  
20000200  __STACK_TOP                   
00000bc4  __TI_CINIT_Base               
00000bcc  __TI_CINIT_Limit              
00000bc0  __TI_Handler_Table_Base       
00000bc4  __TI_Handler_Table_Limit      
000008d1  __TI_auto_init_nobinit_nopinit
ffffffff  __TI_pprof_out_hndl           
ffffffff  __TI_prof_data_size           
ffffffff  __TI_prof_data_start          
00000000  __TI_static_base__            
000009f3  __TI_zero_init_nomemset       
ffffffff  __binit__                     
ffffffff  __c_args__                    
UNDEFED   __mpu_init                    
20000000  __stack                       
00000949  _c_int00_noargs               
UNDEFED   _system_post_cinit            
00000ad5  _system_pre_init              
00000ad9  abort                         
ffffffff  binit                         
000002f1  configTimer1A                 
00000000  g_pfnVectors                  
0000026d  main                          
20000210  tPeriod                       
20000200  ui32ADC0Value                 
20000214  ui32TempAvg                   
20000218  ui32TempValueC                
2000021c  ui32TempValueF                


GLOBAL SYMBOLS: SORTED BY Symbol Address 

address   name                          
-------   ----                          
00000000  __TI_static_base__            
00000000  g_pfnVectors                  
00000200  __STACK_SIZE                  
0000026d  main                          
000002f1  configTimer1A                 
00000327  Timer1IntHandler              
00000405  GPIOPadConfigSet              
00000539  SysCtlClockGet                
00000649  SysCtlClockSet                
0000073d  ADCSequenceStepConfigure      
000007b9  IntEnable                     
00000821  TimerConfigure                
00000881  ADCSequenceConfigure          
000008d1  __TI_auto_init_nobinit_nopinit
00000915  SysCtlPeripheralEnable        
00000949  _c_int00_noargs               
0000097d  ADCIntStatus                  
000009ab  GPIODirModeSet                
000009d5  ADCSequenceDataGet            
000009f3  __TI_zero_init_nomemset       
00000a0f  ADCProcessorTrigger           
00000a27  GPIOPinTypeGPIOOutput         
00000a3f  TimerLoadSet                  
00000a51  ADCIntEnable                  
00000a61  IntMasterEnable               
00000a71  ADCHardwareOversampleConfigure
00000a7f  ADCSequenceEnable             
00000a8d  TimerEnable                   
00000a9b  CPUcpsie                      
00000aa7  ResetISR                      
00000ab3  ADCIntClear                   
00000abd  TimerIntEnable                
00000ac5  GPIOPinWrite                  
00000acb  SysCtlDelay                   
00000ad1  TimerIntClear                 
00000ad5  _system_pre_init              
00000ad9  C$$EXIT                       
00000ad9  abort                         
00000bc0  __TI_Handler_Table_Base       
00000bc4  __TI_CINIT_Base               
00000bc4  __TI_Handler_Table_Limit      
00000bcc  __TI_CINIT_Limit              
20000000  __stack                       
20000200  __STACK_END                   
20000200  __STACK_TOP                   
20000200  ui32ADC0Value                 
20000210  tPeriod                       
20000214  ui32TempAvg                   
20000218  ui32TempValueC                
2000021c  ui32TempValueF                
ffffffff  __TI_pprof_out_hndl           
ffffffff  __TI_prof_data_size           
ffffffff  __TI_prof_data_start          
ffffffff  __binit__                     
ffffffff  __c_args__                    
ffffffff  binit                         
UNDEFED   __mpu_init                    
UNDEFED   _system_post_cinit            

[58 symbols]
