******************************************************************************
                  TI ARM Linker PC v18.12.3                    
******************************************************************************
>> Linked Sat Oct  5 22:19:59 2019

OUTPUT FILE NAME:   <lab4_task01.out>
ENTRY POINT SYMBOL: "_c_int00_noargs"  address: 00000925


MEMORY CONFIGURATION

         name            origin    length      used     unused   attr    fill
----------------------  --------  ---------  --------  --------  ----  --------
  FLASH                 00000000   00040000  00000b34  0003f4cc  R  X
  SRAM                  20000000   00008000  00000208  00007df8  RW X


SEGMENT ALLOCATION MAP

run origin  load origin   length   init length attrs members
----------  ----------- ---------- ----------- ----- -------
00000000    00000000    00000b34   00000b34    r-x
  00000000    00000000    0000026c   0000026c    r-- .intvecs
  0000026c    0000026c    000007d8   000007d8    r-x .text
  00000a44    00000a44    000000dc   000000dc    r-- .const
  00000b20    00000b20    00000014   00000014    r-- .cinit
20000000    20000000    00000208   00000000    rw-
  20000000    20000000    00000200   00000000    rw- .stack
  20000200    20000200    00000008   00000000    rw- .bss


SECTION ALLOCATION MAP

 output                                  attributes/
section   page    origin      length       input sections
--------  ----  ----------  ----------   ----------------
.intvecs   0    00000000    0000026c     
                  00000000    0000026c     tm4c123gh6pm_startup_ccs.obj (.intvecs)

.text      0    0000026c    000007d8     
                  0000026c    00000132     driverlib.lib : gpio.obj (.text:GPIOPadConfigSet)
                  0000039e    00000002     --HOLE-- [fill = 0]
                  000003a0    00000110                   : sysctl.obj (.text:SysCtlClockGet)
                  000004b0    00000100     main.obj (.text)
                  000005b0    000000fc     rtsv7M4_T_le_v4SPD16_eabi.lib : fd_mul_t2.asm.obj (.text)
                  000006ac    000000f4     driverlib.lib : sysctl.obj (.text:SysCtlClockSet)
                  000007a0    00000068                   : interrupt.obj (.text:IntEnable)
                  00000808    00000060                   : timer.obj (.text:TimerConfigure)
                  00000868    00000044     rtsv7M4_T_le_v4SPD16_eabi.lib : autoinit.c.obj (.text:__TI_auto_init_nobinit_nopinit:__TI_auto_init_nobinit_nopinit)
                  000008ac    00000044                                   : fd_tou_t2.asm.obj (.text)
                  000008f0    00000034     driverlib.lib : sysctl.obj (.text:SysCtlPeripheralEnable)
                  00000924    00000034     rtsv7M4_T_le_v4SPD16_eabi.lib : boot_cortex_m.c.obj (.text:_c_int00_noargs:_c_int00_noargs)
                  00000958    0000002a     driverlib.lib : gpio.obj (.text:GPIODirModeSet)
                  00000982    00000020     rtsv7M4_T_le_v4SPD16_eabi.lib : u_tofd_t2.asm.obj (.text)
                  000009a2    0000001c                                   : copy_zero_init.c.obj (.text:decompress:ZI:__TI_zero_init_nomemset:__TI_zero_init_nomemset)
                  000009be    00000018     driverlib.lib : gpio.obj (.text:GPIOPinTypeGPIOOutput)
                  000009d6    00000012                   : timer.obj (.text:TimerLoadSet)
                  000009e8    00000010                   : interrupt.obj (.text:IntMasterEnable)
                  000009f8    0000000e                   : timer.obj (.text:TimerEnable)
                  00000a06    0000000c                   : cpu.obj (.text:CPUcpsie)
                  00000a12    0000000c     tm4c123gh6pm_startup_ccs.obj (.text)
                  00000a1e    00000008     driverlib.lib : timer.obj (.text:TimerIntEnable)
                  00000a26    00000006                   : gpio.obj (.text:GPIOPinRead)
                  00000a2c    00000006                   : gpio.obj (.text:GPIOPinWrite)
                  00000a32    00000006                   : sysctl.obj (.text:SysCtlDelay)
                  00000a38    00000004                   : timer.obj (.text:TimerIntClear)
                  00000a3c    00000004     rtsv7M4_T_le_v4SPD16_eabi.lib : pre_init.c.obj (.text:_system_pre_init)
                  00000a40    00000004                                   : exit.c.obj (.text:abort:abort)

.const     0    00000a44    000000dc     
                  00000a44    00000070     driverlib.lib : interrupt.obj (.const)
                  00000ab4    0000006c                   : sysctl.obj (.const:g_pui32Xtals)

.cinit     0    00000b20    00000014     
                  00000b20    00000008     (.cinit..bss.load) [load image, compression = zero_init]
                  00000b28    00000004     (__TI_handler_table)
                  00000b2c    00000008     (__TI_cinit_table)

.init_array 
*          0    00000000    00000000     UNINITIALIZED

.bss       0    20000200    00000008     UNINITIALIZED
                  20000200    00000004     (.common:ui32PeriodHigh)
                  20000204    00000004     (.common:ui32PeriodLow)

.stack     0    20000000    00000200     UNINITIALIZED
                  20000000    00000004     rtsv7M4_T_le_v4SPD16_eabi.lib : boot_cortex_m.c.obj (.stack)
                  20000004    000001fc     --HOLE--

MODULE SUMMARY

       Module                         code   ro data   rw data
       ------                         ----   -------   -------
    .\
       tm4c123gh6pm_startup_ccs.obj   12     620       0      
       main.obj                       256    0         8      
    +--+------------------------------+------+---------+---------+
       Total:                         268    620       8      
                                                              
    C:/ti/TivaWare_C_Series-2.1.4.178/driverlib/ccs/Debug/driverlib.lib
       sysctl.obj                     574    108       0      
       gpio.obj                       384    0         0      
       interrupt.obj                  120    112       0      
       timer.obj                      140    0         0      
       cpu.obj                        12     0         0      
    +--+------------------------------+------+---------+---------+
       Total:                         1230   220       0      
                                                              
    C:\ti\ccs910\ccs\tools\compiler\ti-cgt-arm_18.12.3.LTS\lib\rtsv7M4_T_le_v4SPD16_eabi.lib
       fd_mul_t2.asm.obj              252    0         0      
       autoinit.c.obj                 68     0         0      
       fd_tou_t2.asm.obj              68     0         0      
       boot_cortex_m.c.obj            52     0         0      
       u_tofd_t2.asm.obj              32     0         0      
       copy_zero_init.c.obj           28     0         0      
       exit.c.obj                     4      0         0      
       pre_init.c.obj                 4      0         0      
    +--+------------------------------+------+---------+---------+
       Total:                         508    0         0      
                                                              
       Stack:                         0      0         512    
       Linker Generated:              0      20        0      
    +--+------------------------------+------+---------+---------+
       Grand Total:                   2006   860       520    


LINKER GENERATED COPY TABLES

__TI_cinit_table @ 00000b2c records: 1, size/record: 8, table size: 8
	.bss: load addr=00000b20, load size=00000008 bytes, run addr=20000200, run size=00000008 bytes, compression=zero_init


LINKER GENERATED HANDLER TABLE

__TI_handler_table @ 00000b28 records: 1, size/record: 4, table size: 4
	index: 0, handler: __TI_zero_init


GLOBAL SYMBOLS: SORTED ALPHABETICALLY BY Name 

address   name                          
-------   ----                          
00000a41  C$$EXIT                       
00000a07  CPUcpsie                      
00000959  GPIODirModeSet                
0000026d  GPIOPadConfigSet              
00000a27  GPIOPinRead                   
000009bf  GPIOPinTypeGPIOOutput         
00000a2d  GPIOPinWrite                  
000007a1  IntEnable                     
000009e9  IntMasterEnable               
00000a13  ResetISR                      
000003a1  SysCtlClockGet                
000006ad  SysCtlClockSet                
00000a33  SysCtlDelay                   
000008f1  SysCtlPeripheralEnable        
0000053b  Timer0IntHandler              
00000809  TimerConfigure                
000009f9  TimerEnable                   
00000a39  TimerIntClear                 
00000a1f  TimerIntEnable                
000009d7  TimerLoadSet                  
20000200  __STACK_END                   
00000200  __STACK_SIZE                  
20000200  __STACK_TOP                   
00000b2c  __TI_CINIT_Base               
00000b34  __TI_CINIT_Limit              
00000b28  __TI_Handler_Table_Base       
00000b2c  __TI_Handler_Table_Limit      
00000869  __TI_auto_init_nobinit_nopinit
ffffffff  __TI_pprof_out_hndl           
ffffffff  __TI_prof_data_size           
ffffffff  __TI_prof_data_start          
00000000  __TI_static_base__            
000009a3  __TI_zero_init_nomemset       
000008ad  __aeabi_d2uiz                 
000005b1  __aeabi_dmul                  
00000983  __aeabi_ui2d                  
ffffffff  __binit__                     
ffffffff  __c_args__                    
UNDEFED   __mpu_init                    
20000000  __stack                       
00000925  _c_int00_noargs               
UNDEFED   _system_post_cinit            
00000a3d  _system_pre_init              
00000a41  abort                         
ffffffff  binit                         
00000000  g_pfnVectors                  
000004b1  main                          
20000200  ui32PeriodHigh                
20000204  ui32PeriodLow                 


GLOBAL SYMBOLS: SORTED BY Symbol Address 

address   name                          
-------   ----                          
00000000  __TI_static_base__            
00000000  g_pfnVectors                  
00000200  __STACK_SIZE                  
0000026d  GPIOPadConfigSet              
000003a1  SysCtlClockGet                
000004b1  main                          
0000053b  Timer0IntHandler              
000005b1  __aeabi_dmul                  
000006ad  SysCtlClockSet                
000007a1  IntEnable                     
00000809  TimerConfigure                
00000869  __TI_auto_init_nobinit_nopinit
000008ad  __aeabi_d2uiz                 
000008f1  SysCtlPeripheralEnable        
00000925  _c_int00_noargs               
00000959  GPIODirModeSet                
00000983  __aeabi_ui2d                  
000009a3  __TI_zero_init_nomemset       
000009bf  GPIOPinTypeGPIOOutput         
000009d7  TimerLoadSet                  
000009e9  IntMasterEnable               
000009f9  TimerEnable                   
00000a07  CPUcpsie                      
00000a13  ResetISR                      
00000a1f  TimerIntEnable                
00000a27  GPIOPinRead                   
00000a2d  GPIOPinWrite                  
00000a33  SysCtlDelay                   
00000a39  TimerIntClear                 
00000a3d  _system_pre_init              
00000a41  C$$EXIT                       
00000a41  abort                         
00000b28  __TI_Handler_Table_Base       
00000b2c  __TI_CINIT_Base               
00000b2c  __TI_Handler_Table_Limit      
00000b34  __TI_CINIT_Limit              
20000000  __stack                       
20000200  __STACK_END                   
20000200  __STACK_TOP                   
20000200  ui32PeriodHigh                
20000204  ui32PeriodLow                 
ffffffff  __TI_pprof_out_hndl           
ffffffff  __TI_prof_data_size           
ffffffff  __TI_prof_data_start          
ffffffff  __binit__                     
ffffffff  __c_args__                    
ffffffff  binit                         
UNDEFED   __mpu_init                    
UNDEFED   _system_post_cinit            

[49 symbols]
