******************************************************************************
                  TI ARM Linker PC v18.12.3                    
******************************************************************************
>> Linked Tue Oct 29 19:37:52 2019

OUTPUT FILE NAME:   <Midterm_Project.out>
ENTRY POINT SYMBOL: "_c_int00_noargs"  address: 00003109


MEMORY CONFIGURATION

         name            origin    length      used     unused   attr    fill
----------------------  --------  ---------  --------  --------  ----  --------
  FLASH                 00000000   00040000  00003482  0003cb7e  R  X
  SRAM                  20000000   00008000  00000332  00007cce  RW X


SEGMENT ALLOCATION MAP

run origin  load origin   length   init length attrs members
----------  ----------- ---------- ----------- ----- -------
00000000    00000000    00003488   00003488    r-x
  00000000    00000000    0000026c   0000026c    r-- .intvecs
  0000026c    0000026c    0000302a   0000302a    r-x .text
  00003298    00003298    000001bc   000001bc    r-- .const
  00003458    00003458    00000030   00000030    r-- .cinit
20000000    20000000    00000335   00000000    rw-
  20000000    20000000    00000200   00000000    rw- .stack
  20000200    20000200    00000125   00000000    rw- .bss
  20000328    20000328    0000000d   00000000    rw- .data


SECTION ALLOCATION MAP

 output                                  attributes/
section   page    origin      length       input sections
--------  ----  ----------  ----------   ----------------
.intvecs   0    00000000    0000026c     
                  00000000    0000026c     tm4c123gh6pm_startup_ccs.obj (.intvecs)

.text      0    0000026c    0000302a     
                  0000026c    00000c00     IQmathLib.lib : IQtables.obj (.text:atan2PU_table)
                  00000e6c    00000800                   : IQtables.obj (.text:div_table)
                  0000166c    0000055c     midterm_task_3_and_4.obj (.text)
                  00001bc8    000004dc     uartstdio.obj (.text)
                  000020a4    00000132     driverlib.lib : gpio.obj (.text:GPIOPadConfigSet)
                  000021d6    00000002     rtsv7M4_T_le_v4SPD16_eabi.lib : div0.asm.obj (.text)
                  000021d8    00000110     driverlib.lib : sysctl.obj (.text:SysCtlClockGet)
                  000022e8    000000f4                   : sysctl.obj (.text:SysCtlClockSet)
                  000023dc    000000f2     sensorlib.lib : i2cm_drv.obj (.text:I2CMIntHandler)
                  000024ce    00000002     --HOLE-- [fill = 0]
                  000024d0    000000f0                   : mpu6050.obj (.text:MPU6050Callback)
                  000025c0    000000d4     IQmathLib.lib : IQNatan2.obj (.text:_IQ16atan2)
                  00002694    0000009c     rtsv7M4_T_le_v4SPD16_eabi.lib : memcpy_t2.asm.obj (.text)
                  00002730    00000098     sensorlib.lib : i2cm_drv.obj (.text:I2CMStateIdle)
                  000027c8    00000090     IQmathLib.lib : IQNdiv.obj (.text:_IQ16div)
                  00002858    00000088     sensorlib.lib : i2cm_drv.obj (.text:I2CMCommand)
                  000028e0    00000078                   : i2cm_drv.obj (.text:I2CMReadModifyWrite8)
                  00002958    00000070                   : mpu6050.obj (.text:MPU6050DataAccelGetFloat)
                  000029c8    00000070                   : mpu6050.obj (.text:MPU6050DataGyroGetFloat)
                  00002a38    00000068     driverlib.lib : interrupt.obj (.text:IntDisable)
                  00002aa0    00000068                   : interrupt.obj (.text:IntEnable)
                  00002b08    00000068     rtsv7M4_T_le_v4SPD16_eabi.lib : copy_decompress_lzss.c.obj (.text:decompress:lzss:__TI_decompress_lzss)
                  00002b70    00000064     driverlib.lib : interrupt.obj (.text:IntIsEnabled)
                  00002bd4    00000060     sensorlib.lib : i2cm_drv.obj (.text:I2CMReadModifyWrite8Callback)
                  00002c34    0000005e                   : i2cm_drv.obj (.text:I2CMStateWritePause)
                  00002c92    00000002     --HOLE-- [fill = 0]
                  00002c94    0000005c                   : mpu6050.obj (.text:MPU6050Init)
                  00002cf0    00000054                   : mpu6050.obj (.text:MPU6050DataRead)
                  00002d44    00000050                   : i2cm_drv.obj (.text:I2CMStateWriteFinal)
                  00002d94    00000050     driverlib.lib : sysctl.obj (.text:SysCtlPeripheralReset)
                  00002de4    0000004c                   : i2c.obj (.text:I2CMasterInitExpClk)
                  00002e30    0000004c     sensorlib.lib : mpu6050.obj (.text:MPU6050ReadModifyWrite)
                  00002e7c    0000004a                   : i2cm_drv.obj (.text:I2CMStateReadNext)
                  00002ec6    00000002     --HOLE-- [fill = 0]
                  00002ec8    00000048     driverlib.lib : gpio.obj (.text:GPIOPinConfigure)
                  00002f10    00000048     sensorlib.lib : i2cm_drv.obj (.text:I2CMStateWriteNext)
                  00002f58    00000044                   : i2cm_drv.obj (.text:I2CMStateCallback)
                  00002f9c    00000044     rtsv7M4_T_le_v4SPD16_eabi.lib : autoinit.c.obj (.text:__TI_auto_init_nobinit_nopinit:__TI_auto_init_nobinit_nopinit)
                  00002fe0    00000042     sensorlib.lib : i2cm_drv.obj (.text:I2CMStateReadFinal)
                  00003022    00000040     rtsv7M4_T_le_v4SPD16_eabi.lib : u_divt2.asm.obj (.text)
                  00003062    0000003e     sensorlib.lib : i2cm_drv.obj (.text:I2CMStateReadPause)
                  000030a0    00000034                   : i2cm_drv.obj (.text:I2CMInit)
                  000030d4    00000034     driverlib.lib : sysctl.obj (.text:SysCtlPeripheralEnable)
                  00003108    00000034     rtsv7M4_T_le_v4SPD16_eabi.lib : boot_cortex_m.c.obj (.text:_c_int00_noargs:_c_int00_noargs)
                  0000313c    0000002a     driverlib.lib : gpio.obj (.text:GPIODirModeSet)
                  00003166    0000002a     sensorlib.lib : i2cm_drv.obj (.text:I2CMStateReadFirst)
                  00003190    00000020                   : i2cm_drv.obj (.text:I2CMStateReadOne)
                  000031b0    0000001c     rtsv7M4_T_le_v4SPD16_eabi.lib : copy_zero_init.c.obj (.text:decompress:ZI:__TI_zero_init_nomemset:__TI_zero_init_nomemset)
                  000031cc    0000001a     sensorlib.lib : i2cm_drv.obj (.text:I2CMStateReadWait)
                  000031e6    00000012     driverlib.lib : gpio.obj (.text:GPIOPinTypeI2C)
                  000031f8    00000012                   : gpio.obj (.text:GPIOPinTypeI2CSCL)
                  0000320a    00000012                   : gpio.obj (.text:GPIOPinTypeUART)
                  0000321c    00000010     IQmathLib.lib : IQNmpy.obj (.text:_IQ16mpy)
                  0000322c    0000000e     rtsv7M4_T_le_v4SPD16_eabi.lib : copy_decompress_none.c.obj (.text:decompress:none:__TI_decompress_none)
                  0000323a    00000002     --HOLE-- [fill = 0]
                  0000323c    0000000c     driverlib.lib : interrupt.obj (.text:IntTrigger)
                  00003248    0000000c     tm4c123gh6pm_startup_ccs.obj (.text)
                  00003254    0000000a     driverlib.lib : i2c.obj (.text:I2CMasterEnable)
                  0000325e    00000008                   : i2c.obj (.text:I2CMasterIntClear)
                  00003266    00000008                   : i2c.obj (.text:I2CMasterIntEnableEx)
                  0000326e    00000008                   : i2c.obj (.text:I2CMasterSlaveAddrSet)
                  00003276    00000006                   : sysctl.obj (.text:SysCtlDelay)
                  0000327c    00000006                   : uart.obj (.text:UARTClockSourceSet)
                  00003282    00000004                   : i2c.obj (.text:I2CMasterControl)
                  00003286    00000004                   : i2c.obj (.text:I2CMasterDataGet)
                  0000328a    00000004                   : i2c.obj (.text:I2CMasterDataPut)
                  0000328e    00000004     rtsv7M4_T_le_v4SPD16_eabi.lib : pre_init.c.obj (.text:_system_pre_init)
                  00003292    00000004                                   : exit.c.obj (.text:abort:abort)

.const     0    00003298    000001bc     
                  00003298    00000090     driverlib.lib : gpio.obj (.const:g_pui32GPIOBaseAddrs)
                  00003328    00000070                   : interrupt.obj (.const)
                  00003398    0000006c                   : sysctl.obj (.const:g_pui32Xtals)
                  00003404    00000020     sensorlib.lib : mpu6050.obj (.const)
                  00003424    00000012     uartstdio.obj (.const:.string)
                  00003436    00000002     --HOLE-- [fill = 0]
                  00003438    0000000c     uartstdio.obj (.const:g_ui32UARTBase)
                  00003444    0000000c     uartstdio.obj (.const:g_ui32UARTPeriph)
                  00003450    00000004     uartstdio.obj (.const)

.cinit     0    00003458    00000030     
                  00003458    0000000c     (__TI_handler_table)
                  00003464    00000004     --HOLE-- [fill = 0]
                  00003468    00000008     (.cinit..bss.load) [load image, compression = zero_init]
                  00003470    00000007     (.cinit..data.load) [load image, compression = lzss]
                  00003477    00000001     --HOLE-- [fill = 0]
                  00003478    00000010     (__TI_cinit_table)

.init_array 
*          0    00000000    00000000     UNINITIALIZED

.bss       0    20000200    00000125     UNINITIALIZED
                  20000200    00000124     (.common:g_sI2CMSimpleInst)
                  20000324    00000001     (.common:g_bMPU6050Done)

.data      0    20000328    0000000d     UNINITIALIZED
                  20000328    00000008     midterm_task_3_and_4.obj (.data)
                  20000330    00000005     uartstdio.obj (.data)

.stack     0    20000000    00000200     UNINITIALIZED
                  20000000    00000004     rtsv7M4_T_le_v4SPD16_eabi.lib : boot_cortex_m.c.obj (.stack)
                  20000004    000001fc     --HOLE--

MODULE SUMMARY

       Module                         code   ro data   rw data
       ------                         ----   -------   -------
    .\
       midterm_task_3_and_4.obj       1372   0         301    
       uartstdio.obj                  1244   46        5      
       tm4c123gh6pm_startup_ccs.obj   12     620       0      
    +--+------------------------------+------+---------+---------+
       Total:                         2628   666       306    
                                                              
    C:/ti/tivaware_c_series_2_1_4_178/IQmath/ccs/IQmathLib/Debug/IQmathLib.lib
       IQtables.obj                   0      5120      0      
       IQNatan2.obj                   212    0         0      
       IQNdiv.obj                     144    0         0      
       IQNmpy.obj                     16     0         0      
    +--+------------------------------+------+---------+---------+
       Total:                         372    5120      0      
                                                              
    C:/ti/tivaware_c_series_2_1_4_178/driverlib/ccs/Debug/driverlib.lib
       sysctl.obj                     654    108       0      
       gpio.obj                       474    144       0      
       interrupt.obj                  320    112       0      
       i2c.obj                        122    0         0      
       uart.obj                       6      0         0      
    +--+------------------------------+------+---------+---------+
       Total:                         1576   364       0      
                                                              
    C:/ti/tivaware_c_series_2_1_4_178/sensorlib/ccs/Debug/sensorlib.lib
       i2cm_drv.obj                   1414   0         0      
       mpu6050.obj                    716    32        0      
    +--+------------------------------+------+---------+---------+
       Total:                         2130   32        0      
                                                              
    C:\ti\ccs910\ccs\tools\compiler\ti-cgt-arm_18.12.3.LTS\lib\rtsv7M4_T_le_v4SPD16_eabi.lib
       memcpy_t2.asm.obj              156    0         0      
       copy_decompress_lzss.c.obj     104    0         0      
       autoinit.c.obj                 68     0         0      
       u_divt2.asm.obj                64     0         0      
       boot_cortex_m.c.obj            52     0         0      
       copy_zero_init.c.obj           28     0         0      
       copy_decompress_none.c.obj     14     0         0      
       exit.c.obj                     4      0         0      
       pre_init.c.obj                 4      0         0      
       div0.asm.obj                   2      0         0      
    +--+------------------------------+------+---------+---------+
       Total:                         496    0         0      
                                                              
       Stack:                         0      0         512    
       Linker Generated:              0      43        0      
    +--+------------------------------+------+---------+---------+
       Grand Total:                   7202   6225      818    


LINKER GENERATED COPY TABLES

__TI_cinit_table @ 00003478 records: 2, size/record: 8, table size: 16
	.bss: load addr=00003468, load size=00000008 bytes, run addr=20000200, run size=00000125 bytes, compression=zero_init
	.data: load addr=00003470, load size=00000007 bytes, run addr=20000328, run size=0000000d bytes, compression=lzss


LINKER GENERATED HANDLER TABLE

__TI_handler_table @ 00003458 records: 3, size/record: 4, table size: 12
	index: 0, handler: __TI_decompress_lzss
	index: 1, handler: __TI_decompress_none
	index: 2, handler: __TI_zero_init


GLOBAL SYMBOLS: SORTED ALPHABETICALLY BY Name 

address   name                          
-------   ----                          
00003293  C$$EXIT                       
000016c9  ConfigUART                    
0000313d  GPIODirModeSet                
000020a5  GPIOPadConfigSet              
00002ec9  GPIOPinConfigure              
000031e7  GPIOPinTypeI2C                
000031f9  GPIOPinTypeI2CSCL             
0000320b  GPIOPinTypeUART               
00002859  I2CMCommand                   
000030a1  I2CMInit                      
000023dd  I2CMIntHandler                
000028e1  I2CMReadModifyWrite8          
00001717  I2CMSimpleIntHandler          
00003283  I2CMasterControl              
00003287  I2CMasterDataGet              
0000328b  I2CMasterDataPut              
00003255  I2CMasterEnable               
00002de5  I2CMasterInitExpClk           
0000325f  I2CMasterIntClear             
00003267  I2CMasterIntEnableEx          
0000326f  I2CMasterSlaveAddrSet         
0000166d  InitI2C0                      
00002a39  IntDisable                    
00002aa1  IntEnable                     
00002b71  IntIsEnabled                  
0000323d  IntTrigger                    
00001705  MPU6050Callback               
00002959  MPU6050DataAccelGetFloat      
000029c9  MPU6050DataGyroGetFloat       
00002cf1  MPU6050DataRead               
00002c95  MPU6050Init                   
00002e31  MPU6050ReadModifyWrite        
20000328  Pitch                         
00003249  ResetISR                      
2000032c  Roll                          
000021d9  SysCtlClockGet                
000022e9  SysCtlClockSet                
00003277  SysCtlDelay                   
000030d5  SysCtlPeripheralEnable        
00002d95  SysCtlPeripheralReset         
0000327d  UARTClockSourceSet            
00001bc9  UARTStdioConfig               
00001d41  UARTgetc                      
00001c7b  UARTgets                      
0000206f  UARTprintf                    
00001d75  UARTvprintf                   
00001c29  UARTwrite                     
000025c1  _IQ16atan2                    
000027c9  _IQ16div                      
0000321d  _IQ16mpy                      
20000200  __STACK_END                   
00000200  __STACK_SIZE                  
20000200  __STACK_TOP                   
00003478  __TI_CINIT_Base               
00003488  __TI_CINIT_Limit              
00003458  __TI_Handler_Table_Base       
00003464  __TI_Handler_Table_Limit      
00002f9d  __TI_auto_init_nobinit_nopinit
00002b09  __TI_decompress_lzss          
0000322d  __TI_decompress_none          
ffffffff  __TI_pprof_out_hndl           
ffffffff  __TI_prof_data_size           
ffffffff  __TI_prof_data_start          
00000000  __TI_static_base__            
000031b1  __TI_zero_init_nomemset       
000021d7  __aeabi_idiv0                 
000021d7  __aeabi_ldiv0                 
00002695  __aeabi_memcpy                
00002695  __aeabi_memcpy4               
00002695  __aeabi_memcpy8               
00003023  __aeabi_uidiv                 
00003023  __aeabi_uidivmod              
ffffffff  __binit__                     
ffffffff  __c_args__                    
UNDEFED   __mpu_init                    
20000000  __stack                       
00003109  _c_int00_noargs               
UNDEFED   _system_post_cinit            
0000328f  _system_pre_init              
00003293  abort                         
0000026c  atan2PU_table                 
ffffffff  binit                         
00000e6c  div_table                     
20000324  g_bMPU6050Done                
00000000  g_pfnVectors                  
20000200  g_sI2CMSimpleInst             
00001751  main                          
00002695  memcpy                        


GLOBAL SYMBOLS: SORTED BY Symbol Address 

address   name                          
-------   ----                          
00000000  __TI_static_base__            
00000000  g_pfnVectors                  
00000200  __STACK_SIZE                  
0000026c  atan2PU_table                 
00000e6c  div_table                     
0000166d  InitI2C0                      
000016c9  ConfigUART                    
00001705  MPU6050Callback               
00001717  I2CMSimpleIntHandler          
00001751  main                          
00001bc9  UARTStdioConfig               
00001c29  UARTwrite                     
00001c7b  UARTgets                      
00001d41  UARTgetc                      
00001d75  UARTvprintf                   
0000206f  UARTprintf                    
000020a5  GPIOPadConfigSet              
000021d7  __aeabi_idiv0                 
000021d7  __aeabi_ldiv0                 
000021d9  SysCtlClockGet                
000022e9  SysCtlClockSet                
000023dd  I2CMIntHandler                
000025c1  _IQ16atan2                    
00002695  __aeabi_memcpy                
00002695  __aeabi_memcpy4               
00002695  __aeabi_memcpy8               
00002695  memcpy                        
000027c9  _IQ16div                      
00002859  I2CMCommand                   
000028e1  I2CMReadModifyWrite8          
00002959  MPU6050DataAccelGetFloat      
000029c9  MPU6050DataGyroGetFloat       
00002a39  IntDisable                    
00002aa1  IntEnable                     
00002b09  __TI_decompress_lzss          
00002b71  IntIsEnabled                  
00002c95  MPU6050Init                   
00002cf1  MPU6050DataRead               
00002d95  SysCtlPeripheralReset         
00002de5  I2CMasterInitExpClk           
00002e31  MPU6050ReadModifyWrite        
00002ec9  GPIOPinConfigure              
00002f9d  __TI_auto_init_nobinit_nopinit
00003023  __aeabi_uidiv                 
00003023  __aeabi_uidivmod              
000030a1  I2CMInit                      
000030d5  SysCtlPeripheralEnable        
00003109  _c_int00_noargs               
0000313d  GPIODirModeSet                
000031b1  __TI_zero_init_nomemset       
000031e7  GPIOPinTypeI2C                
000031f9  GPIOPinTypeI2CSCL             
0000320b  GPIOPinTypeUART               
0000321d  _IQ16mpy                      
0000322d  __TI_decompress_none          
0000323d  IntTrigger                    
00003249  ResetISR                      
00003255  I2CMasterEnable               
0000325f  I2CMasterIntClear             
00003267  I2CMasterIntEnableEx          
0000326f  I2CMasterSlaveAddrSet         
00003277  SysCtlDelay                   
0000327d  UARTClockSourceSet            
00003283  I2CMasterControl              
00003287  I2CMasterDataGet              
0000328b  I2CMasterDataPut              
0000328f  _system_pre_init              
00003293  C$$EXIT                       
00003293  abort                         
00003458  __TI_Handler_Table_Base       
00003464  __TI_Handler_Table_Limit      
00003478  __TI_CINIT_Base               
00003488  __TI_CINIT_Limit              
20000000  __stack                       
20000200  __STACK_END                   
20000200  __STACK_TOP                   
20000200  g_sI2CMSimpleInst             
20000324  g_bMPU6050Done                
20000328  Pitch                         
2000032c  Roll                          
ffffffff  __TI_pprof_out_hndl           
ffffffff  __TI_prof_data_size           
ffffffff  __TI_prof_data_start          
ffffffff  __binit__                     
ffffffff  __c_args__                    
ffffffff  binit                         
UNDEFED   __mpu_init                    
UNDEFED   _system_post_cinit            

[88 symbols]
