******************************************************************************
                  TI ARM Linker PC v18.12.3                    
******************************************************************************
>> Linked Sun Oct  6 00:35:40 2019

OUTPUT FILE NAME:   <lab5.out>
ENTRY POINT SYMBOL: "_c_int00_noinit_noargs"  address: 00000561


MEMORY CONFIGURATION

         name            origin    length      used     unused   attr    fill
----------------------  --------  ---------  --------  --------  ----  --------
  FLASH                 00000000   00040000  00000602  0003f9fe  R  X
  SRAM                  20000000   00008000  00000200  00007e00  RW X


SEGMENT ALLOCATION MAP

run origin  load origin   length   init length attrs members
----------  ----------- ---------- ----------- ----- -------
00000000    00000000    00000602   00000602    r-x
  00000000    00000000    0000026c   0000026c    r-- .intvecs
  0000026c    0000026c    00000396   00000396    r-x .text
20000000    20000000    00000200   00000000    rw-
  20000000    20000000    00000200   00000000    rw- .stack


SECTION ALLOCATION MAP

 output                                  attributes/
section   page    origin      length       input sections
--------  ----  ----------  ----------   ----------------
.intvecs   0    00000000    0000026c     
                  00000000    0000026c     tm4c123gh6pm_startup_ccs.obj (.intvecs)

.text      0    0000026c    00000396     
                  0000026c    000000f4     driverlib.lib : sysctl.obj (.text:SysCtlClockSet)
                  00000360    000000d0     main.obj (.text)
                  00000430    0000007a     driverlib.lib : adc.obj (.text:ADCSequenceStepConfigure)
                  000004aa    00000050                   : adc.obj (.text:ADCSequenceConfigure)
                  000004fa    00000002     --HOLE-- [fill = 0]
                  000004fc    00000034                   : sysctl.obj (.text:SysCtlPeripheralEnable)
                  00000530    0000002e                   : adc.obj (.text:ADCIntStatus)
                  0000055e    00000002     --HOLE-- [fill = 0]
                  00000560    0000002c     rtsv7M4_T_le_v4SPD16_eabi.lib : boot_cortex_m.c.obj (.text:_c_int00_noinit_noargs:_c_int00_noinit_noargs)
                  0000058c    0000001e     driverlib.lib : adc.obj (.text:ADCSequenceDataGet)
                  000005aa    00000018                   : adc.obj (.text:ADCProcessorTrigger)
                  000005c2    0000000e                   : adc.obj (.text:ADCHardwareOversampleConfigure)
                  000005d0    0000000e                   : adc.obj (.text:ADCSequenceEnable)
                  000005de    0000000c     tm4c123gh6pm_startup_ccs.obj (.text)
                  000005ea    0000000a     driverlib.lib : adc.obj (.text:ADCIntClear)
                  000005f4    00000006                   : sysctl.obj (.text:SysCtlDelay)
                  000005fa    00000004     rtsv7M4_T_le_v4SPD16_eabi.lib : pre_init.c.obj (.text:_system_pre_init)
                  000005fe    00000004                                   : exit.c.obj (.text:abort:abort)

.cinit     0    00000000    00000000     UNINITIALIZED

.init_array 
*          0    00000000    00000000     UNINITIALIZED

.stack     0    20000000    00000200     UNINITIALIZED
                  20000000    00000004     rtsv7M4_T_le_v4SPD16_eabi.lib : boot_cortex_m.c.obj (.stack)
                  20000004    000001fc     --HOLE--

MODULE SUMMARY

       Module                         code   ro data   rw data
       ------                         ----   -------   -------
    .\
       tm4c123gh6pm_startup_ccs.obj   12     620       0      
       main.obj                       208    0         0      
    +--+------------------------------+------+---------+---------+
       Total:                         220    620       0      
                                                              
    C:/ti/TivaWare_C_Series-2.1.4.178/driverlib/ccs/Debug/driverlib.lib
       adc.obj                        340    0         0      
       sysctl.obj                     302    0         0      
    +--+------------------------------+------+---------+---------+
       Total:                         642    0         0      
                                                              
    C:\ti\ccs910\ccs\tools\compiler\ti-cgt-arm_18.12.3.LTS\lib\rtsv7M4_T_le_v4SPD16_eabi.lib
       boot_cortex_m.c.obj            44     0         0      
       exit.c.obj                     4      0         0      
       pre_init.c.obj                 4      0         0      
    +--+------------------------------+------+---------+---------+
       Total:                         52     0         0      
                                                              
       Stack:                         0      0         512    
    +--+------------------------------+------+---------+---------+
       Grand Total:                   914    620       512    


GLOBAL SYMBOLS: SORTED ALPHABETICALLY BY Name 

address   name                          
-------   ----                          
000005c3  ADCHardwareOversampleConfigure
000005eb  ADCIntClear                   
00000531  ADCIntStatus                  
000005ab  ADCProcessorTrigger           
000004ab  ADCSequenceConfigure          
0000058d  ADCSequenceDataGet            
000005d1  ADCSequenceEnable             
00000431  ADCSequenceStepConfigure      
000005ff  C$$EXIT                       
000005df  ResetISR                      
0000026d  SysCtlClockSet                
000005f5  SysCtlDelay                   
000004fd  SysCtlPeripheralEnable        
20000200  __STACK_END                   
00000200  __STACK_SIZE                  
20000200  __STACK_TOP                   
ffffffff  __TI_pprof_out_hndl           
ffffffff  __TI_prof_data_size           
ffffffff  __TI_prof_data_start          
00000000  __TI_static_base__            
ffffffff  __binit__                     
ffffffff  __c_args__                    
UNDEFED   __mpu_init                    
20000000  __stack                       
00000561  _c_int00_noinit_noargs        
000005fb  _system_pre_init              
000005ff  abort                         
ffffffff  binit                         
00000000  g_pfnVectors                  
00000361  main                          


GLOBAL SYMBOLS: SORTED BY Symbol Address 

address   name                          
-------   ----                          
00000000  __TI_static_base__            
00000000  g_pfnVectors                  
00000200  __STACK_SIZE                  
0000026d  SysCtlClockSet                
00000361  main                          
00000431  ADCSequenceStepConfigure      
000004ab  ADCSequenceConfigure          
000004fd  SysCtlPeripheralEnable        
00000531  ADCIntStatus                  
00000561  _c_int00_noinit_noargs        
0000058d  ADCSequenceDataGet            
000005ab  ADCProcessorTrigger           
000005c3  ADCHardwareOversampleConfigure
000005d1  ADCSequenceEnable             
000005df  ResetISR                      
000005eb  ADCIntClear                   
000005f5  SysCtlDelay                   
000005fb  _system_pre_init              
000005ff  C$$EXIT                       
000005ff  abort                         
20000000  __stack                       
20000200  __STACK_END                   
20000200  __STACK_TOP                   
ffffffff  __TI_pprof_out_hndl           
ffffffff  __TI_prof_data_size           
ffffffff  __TI_prof_data_start          
ffffffff  __binit__                     
ffffffff  __c_args__                    
ffffffff  binit                         
UNDEFED   __mpu_init                    

[30 symbols]
