******************************************************************************
                  TI ARM Linker PC v18.12.3                    
******************************************************************************
>> Linked Wed Sep 25 21:58:21 2019

OUTPUT FILE NAME:   <lab3_task2a.out>
ENTRY POINT SYMBOL: "_c_int00_noinit_noargs"  address: 00000535


MEMORY CONFIGURATION

         name            origin    length      used     unused   attr    fill
----------------------  --------  ---------  --------  --------  ----  --------
  FLASH                 00000000   00040000  000005c2  0003fa3e  R  X
  SRAM                  20000000   00008000  00000200  00007e00  RW X


SEGMENT ALLOCATION MAP

run origin  load origin   length   init length attrs members
----------  ----------- ---------- ----------- ----- -------
00000000    00000000    000005c2   000005c2    r-x
  00000000    00000000    0000026c   0000026c    r-- .intvecs
  0000026c    0000026c    00000356   00000356    r-x .text
20000000    20000000    00000200   00000000    rw-
  20000000    20000000    00000200   00000000    rw- .stack


SECTION ALLOCATION MAP

 output                                  attributes/
section   page    origin      length       input sections
--------  ----  ----------  ----------   ----------------
.intvecs   0    00000000    0000026c     
                  00000000    0000026c     tm4c1230h6pm_startup_ccs.obj (.intvecs)

.text      0    0000026c    00000356     
                  0000026c    00000132     driverlib.lib : gpio.obj (.text:GPIOPadConfigSet)
                  0000039e    00000002     --HOLE-- [fill = 0]
                  000003a0    000000f4                   : sysctl.obj (.text:SysCtlClockSet)
                  00000494    0000006c     main.obj (.text)
                  00000500    00000034     driverlib.lib : sysctl.obj (.text:SysCtlPeripheralEnable)
                  00000534    0000002c     rtsv7M4_T_le_v4SPD16_eabi.lib : boot_cortex_m.c.obj (.text:_c_int00_noinit_noargs:_c_int00_noinit_noargs)
                  00000560    0000002a     driverlib.lib : gpio.obj (.text:GPIODirModeSet)
                  0000058a    00000018                   : gpio.obj (.text:GPIOPinTypeGPIOOutput)
                  000005a2    0000000c     tm4c1230h6pm_startup_ccs.obj (.text)
                  000005ae    00000006     driverlib.lib : gpio.obj (.text:GPIOPinWrite)
                  000005b4    00000006                   : sysctl.obj (.text:SysCtlDelay)
                  000005ba    00000004     rtsv7M4_T_le_v4SPD16_eabi.lib : pre_init.c.obj (.text:_system_pre_init)
                  000005be    00000004                                   : exit.c.obj (.text:abort:abort)

.cinit     0    00000000    00000000     UNINITIALIZED

.init_array 
*          0    00000000    00000000     UNINITIALIZED

.stack     0    20000000    00000200     UNINITIALIZED
                  20000000    00000004     rtsv7M4_T_le_v4SPD16_eabi.lib : boot_cortex_m.c.obj (.stack)
                  20000004    000001fc     --HOLE--

MODULE SUMMARY

       Module                         code   ro data   rw data
       ------                         ----   -------   -------
    .\
       tm4c1230h6pm_startup_ccs.obj   12     620       0      
       main.obj                       108    0         0      
    +--+------------------------------+------+---------+---------+
       Total:                         120    620       0      
                                                              
    C:/ti/TivaWare_C_Series-2.1.4.178/driverlib/ccs/Debug/driverlib.lib
       gpio.obj                       378    0         0      
       sysctl.obj                     302    0         0      
    +--+------------------------------+------+---------+---------+
       Total:                         680    0         0      
                                                              
    C:\ti\ccs910\ccs\tools\compiler\ti-cgt-arm_18.12.3.LTS\lib\rtsv7M4_T_le_v4SPD16_eabi.lib
       boot_cortex_m.c.obj            44     0         0      
       exit.c.obj                     4      0         0      
       pre_init.c.obj                 4      0         0      
    +--+------------------------------+------+---------+---------+
       Total:                         52     0         0      
                                                              
       Stack:                         0      0         512    
    +--+------------------------------+------+---------+---------+
       Grand Total:                   852    620       512    


GLOBAL SYMBOLS: SORTED ALPHABETICALLY BY Name 

address   name                  
-------   ----                  
000005bf  C$$EXIT               
00000561  GPIODirModeSet        
0000026d  GPIOPadConfigSet      
0000058b  GPIOPinTypeGPIOOutput 
000005af  GPIOPinWrite          
000005a3  ResetISR              
000003a1  SysCtlClockSet        
000005b5  SysCtlDelay           
00000501  SysCtlPeripheralEnable
20000200  __STACK_END           
00000200  __STACK_SIZE          
20000200  __STACK_TOP           
ffffffff  __TI_pprof_out_hndl   
ffffffff  __TI_prof_data_size   
ffffffff  __TI_prof_data_start  
00000000  __TI_static_base__    
ffffffff  __binit__             
ffffffff  __c_args__            
UNDEFED   __mpu_init            
20000000  __stack               
00000535  _c_int00_noinit_noargs
000005bb  _system_pre_init      
000005bf  abort                 
ffffffff  binit                 
00000000  g_pfnVectors          
00000495  main                  


GLOBAL SYMBOLS: SORTED BY Symbol Address 

address   name                  
-------   ----                  
00000000  __TI_static_base__    
00000000  g_pfnVectors          
00000200  __STACK_SIZE          
0000026d  GPIOPadConfigSet      
000003a1  SysCtlClockSet        
00000495  main                  
00000501  SysCtlPeripheralEnable
00000535  _c_int00_noinit_noargs
00000561  GPIODirModeSet        
0000058b  GPIOPinTypeGPIOOutput 
000005a3  ResetISR              
000005af  GPIOPinWrite          
000005b5  SysCtlDelay           
000005bb  _system_pre_init      
000005bf  C$$EXIT               
000005bf  abort                 
20000000  __stack               
20000200  __STACK_END           
20000200  __STACK_TOP           
ffffffff  __TI_pprof_out_hndl   
ffffffff  __TI_prof_data_size   
ffffffff  __TI_prof_data_start  
ffffffff  __binit__             
ffffffff  __c_args__            
ffffffff  binit                 
UNDEFED   __mpu_init            

[26 symbols]
