******************************************************************************
                  TI ARM Linker PC v18.12.3                    
******************************************************************************
>> Linked Fri Nov  1 03:35:29 2019

OUTPUT FILE NAME:   <lab7.out>
ENTRY POINT SYMBOL: "_c_int00_noargs"  address: 00000d5d


MEMORY CONFIGURATION

         name            origin    length      used     unused   attr    fill
----------------------  --------  ---------  --------  --------  ----  --------
  FLASH                 00000000   00040000  000010b4  0003ef4c  R  X
  SRAM                  20000000   00008000  00000211  00007def  RW X


SEGMENT ALLOCATION MAP

run origin  load origin   length   init length attrs members
----------  ----------- ---------- ----------- ----- -------
00000000    00000000    000010b4   000010b4    r-x
  00000000    00000000    0000026c   0000026c    r-- .intvecs
  0000026c    0000026c    00000cc8   00000cc8    r-x .text
  00000f34    00000f34    0000016c   0000016c    r-- .const
  000010a0    000010a0    00000014   00000014    r-- .cinit
20000000    20000000    00000211   00000000    rw-
  20000000    20000000    00000200   00000000    rw- .stack
  20000200    20000200    00000011   00000000    rw- .bss


SECTION ALLOCATION MAP

 output                                  attributes/
section   page    origin      length       input sections
--------  ----  ----------  ----------   ----------------
.intvecs   0    00000000    0000026c     
                  00000000    0000026c     tm4c123gh6pm_startup_ccs.obj (.intvecs)

.text      0    0000026c    00000cc8     
                  0000026c    0000057c     task02.obj (.text)
                  000007e8    00000132     driverlib.lib : gpio.obj (.text:GPIOPadConfigSet)
                  0000091a    00000002     --HOLE-- [fill = 0]
                  0000091c    00000110                   : sysctl.obj (.text:SysCtlClockGet)
                  00000a2c    000000f4                   : sysctl.obj (.text:SysCtlClockSet)
                  00000b20    0000007a                   : adc.obj (.text:ADCSequenceStepConfigure)
                  00000b9a    00000002     --HOLE-- [fill = 0]
                  00000b9c    00000068                   : interrupt.obj (.text:IntEnable)
                  00000c04    00000050                   : adc.obj (.text:ADCSequenceConfigure)
                  00000c54    00000048                   : gpio.obj (.text:GPIOPinConfigure)
                  00000c9c    00000046                   : uart.obj (.text:UARTConfigSetExpClk)
                  00000ce2    00000002     --HOLE-- [fill = 0]
                  00000ce4    00000044     rtsv7M4_T_le_v4SPD16_eabi.lib : autoinit.c.obj (.text:__TI_auto_init_nobinit_nopinit:__TI_auto_init_nobinit_nopinit)
                  00000d28    00000034     driverlib.lib : sysctl.obj (.text:SysCtlPeripheralEnable)
                  00000d5c    00000034     rtsv7M4_T_le_v4SPD16_eabi.lib : boot_cortex_m.c.obj (.text:_c_int00_noargs:_c_int00_noargs)
                  00000d90    0000002e     driverlib.lib : adc.obj (.text:ADCIntStatus)
                  00000dbe    0000002a                   : gpio.obj (.text:GPIODirModeSet)
                  00000de8    00000020                   : uart.obj (.text:UARTDisable)
                  00000e08    0000001e                   : adc.obj (.text:ADCSequenceDataGet)
                  00000e26    0000001c     rtsv7M4_T_le_v4SPD16_eabi.lib : copy_zero_init.c.obj (.text:decompress:ZI:__TI_zero_init_nomemset:__TI_zero_init_nomemset)
                  00000e42    00000018     driverlib.lib : adc.obj (.text:ADCProcessorTrigger)
                  00000e5a    00000018                   : gpio.obj (.text:GPIOPinTypeGPIOOutput)
                  00000e72    00000014                   : uart.obj (.text:UARTEnable)
                  00000e86    00000012                   : gpio.obj (.text:GPIOPinTypeUART)
                  00000e98    00000010                   : adc.obj (.text:ADCIntEnable)
                  00000ea8    00000010                   : interrupt.obj (.text:IntMasterEnable)
                  00000eb8    0000000e                   : adc.obj (.text:ADCHardwareOversampleConfigure)
                  00000ec6    0000000e                   : adc.obj (.text:ADCSequenceEnable)
                  00000ed4    0000000c                   : cpu.obj (.text:CPUcpsie)
                  00000ee0    0000000c     tm4c123gh6pm_startup_ccs.obj (.text)
                  00000eec    0000000a     driverlib.lib : adc.obj (.text:ADCIntClear)
                  00000ef6    0000000a                   : uart.obj (.text:UARTCharGet)
                  00000f00    0000000a                   : uart.obj (.text:UARTCharPut)
                  00000f0a    0000000a                   : uart.obj (.text:UARTIntStatus)
                  00000f14    00000008                   : uart.obj (.text:UARTIntEnable)
                  00000f1c    00000006                   : gpio.obj (.text:GPIOPinWrite)
                  00000f22    00000006                   : sysctl.obj (.text:SysCtlDelay)
                  00000f28    00000004                   : uart.obj (.text:UARTIntClear)
                  00000f2c    00000004     rtsv7M4_T_le_v4SPD16_eabi.lib : pre_init.c.obj (.text:_system_pre_init)
                  00000f30    00000004                                   : exit.c.obj (.text:abort:abort)

.const     0    00000f34    0000016c     
                  00000f34    00000090     driverlib.lib : gpio.obj (.const:g_pui32GPIOBaseAddrs)
                  00000fc4    00000070                   : interrupt.obj (.const)
                  00001034    0000006c                   : sysctl.obj (.const:g_pui32Xtals)

.cinit     0    000010a0    00000014     
                  000010a0    00000008     (.cinit..bss.load) [load image, compression = zero_init]
                  000010a8    00000004     (__TI_handler_table)
                  000010ac    00000008     (__TI_cinit_table)

.init_array 
*          0    00000000    00000000     UNINITIALIZED

.bss       0    20000200    00000011     UNINITIALIZED
                  20000200    00000004     (.common:ui32ADC0Value)
                  20000204    00000004     (.common:ui32TempAvg)
                  20000208    00000004     (.common:ui32TempValueC)
                  2000020c    00000004     (.common:ui32TempValueF)
                  20000210    00000001     (.common:key)

.stack     0    20000000    00000200     UNINITIALIZED
                  20000000    00000004     rtsv7M4_T_le_v4SPD16_eabi.lib : boot_cortex_m.c.obj (.stack)
                  20000004    000001fc     --HOLE--

MODULE SUMMARY

       Module                         code   ro data   rw data
       ------                         ----   -------   -------
    .\
       task02.obj                     1404   0         17     
       tm4c123gh6pm_startup_ccs.obj   12     620       0      
    +--+------------------------------+------+---------+---------+
       Total:                         1416   620       17     
                                                              
    C:/ti/tivaware_c_series_2_1_4_178/driverlib/ccs/Debug/driverlib.lib
       sysctl.obj                     574    108       0      
       gpio.obj                       468    144       0      
       adc.obj                        356    0         0      
       interrupt.obj                  120    112       0      
       uart.obj                       164    0         0      
       cpu.obj                        12     0         0      
    +--+------------------------------+------+---------+---------+
       Total:                         1694   364       0      
                                                              
    C:\ti\ccs910\ccs\tools\compiler\ti-cgt-arm_18.12.3.LTS\lib\rtsv7M4_T_le_v4SPD16_eabi.lib
       autoinit.c.obj                 68     0         0      
       boot_cortex_m.c.obj            52     0         0      
       copy_zero_init.c.obj           28     0         0      
       exit.c.obj                     4      0         0      
       pre_init.c.obj                 4      0         0      
    +--+------------------------------+------+---------+---------+
       Total:                         156    0         0      
                                                              
       Stack:                         0      0         512    
       Linker Generated:              0      20        0      
    +--+------------------------------+------+---------+---------+
       Grand Total:                   3266   1004      529    


LINKER GENERATED COPY TABLES

__TI_cinit_table @ 000010ac records: 1, size/record: 8, table size: 8
	.bss: load addr=000010a0, load size=00000008 bytes, run addr=20000200, run size=00000011 bytes, compression=zero_init


LINKER GENERATED HANDLER TABLE

__TI_handler_table @ 000010a8 records: 1, size/record: 4, table size: 4
	index: 0, handler: __TI_zero_init


GLOBAL SYMBOLS: SORTED ALPHABETICALLY BY Name 

address   name                          
-------   ----                          
00000eb9  ADCHardwareOversampleConfigure
00000eed  ADCIntClear                   
00000e99  ADCIntEnable                  
00000d91  ADCIntStatus                  
00000e43  ADCProcessorTrigger           
00000c05  ADCSequenceConfigure          
00000e09  ADCSequenceDataGet            
00000ec7  ADCSequenceEnable             
00000b21  ADCSequenceStepConfigure      
00000591  Blue_OFF                      
00000469  Blue_ON                       
00000f31  C$$EXIT                       
00000ed5  CPUcpsie                      
00000dbf  GPIODirModeSet                
000007e9  GPIOPadConfigSet              
00000c55  GPIOPinConfigure              
00000e5b  GPIOPinTypeGPIOOutput         
00000e87  GPIOPinTypeUART               
00000f1d  GPIOPinWrite                  
00000615  Green_OFF                     
000004c9  Green_ON                      
00000b9d  IntEnable                     
00000ea9  IntMasterEnable               
00000395  PrintCommand                  
00000691  PrintTemp                     
00000531  Red_OFF                       
00000411  Red_ON                        
00000ee1  ResetISR                      
0000091d  SysCtlClockGet                
00000a2d  SysCtlClockSet                
00000f23  SysCtlDelay                   
00000d29  SysCtlPeripheralEnable        
00000ef7  UARTCharGet                   
00000f01  UARTCharPut                   
00000c9d  UARTConfigSetExpClk           
00000de9  UARTDisable                   
00000e73  UARTEnable                    
00000f29  UARTIntClear                  
00000f15  UARTIntEnable                 
00000307  UARTIntHandler                
00000f0b  UARTIntStatus                 
000007a9  UART_OutChar                  
20000200  __STACK_END                   
00000200  __STACK_SIZE                  
20000200  __STACK_TOP                   
000010ac  __TI_CINIT_Base               
000010b4  __TI_CINIT_Limit              
000010a8  __TI_Handler_Table_Base       
000010ac  __TI_Handler_Table_Limit      
00000ce5  __TI_auto_init_nobinit_nopinit
ffffffff  __TI_pprof_out_hndl           
ffffffff  __TI_prof_data_size           
ffffffff  __TI_prof_data_start          
00000000  __TI_static_base__            
00000e27  __TI_zero_init_nomemset       
ffffffff  __binit__                     
ffffffff  __c_args__                    
UNDEFED   __mpu_init                    
20000000  __stack                       
00000d5d  _c_int00_noargs               
UNDEFED   _system_post_cinit            
00000f2d  _system_pre_init              
00000f31  abort                         
ffffffff  binit                         
00000779  convertUARTtemp               
00000000  g_pfnVectors                  
20000210  key                           
0000026d  main                          
20000200  ui32ADC0Value                 
20000204  ui32TempAvg                   
20000208  ui32TempValueC                
2000020c  ui32TempValueF                


GLOBAL SYMBOLS: SORTED BY Symbol Address 

address   name                          
-------   ----                          
00000000  __TI_static_base__            
00000000  g_pfnVectors                  
00000200  __STACK_SIZE                  
0000026d  main                          
00000307  UARTIntHandler                
00000395  PrintCommand                  
00000411  Red_ON                        
00000469  Blue_ON                       
000004c9  Green_ON                      
00000531  Red_OFF                       
00000591  Blue_OFF                      
00000615  Green_OFF                     
00000691  PrintTemp                     
00000779  convertUARTtemp               
000007a9  UART_OutChar                  
000007e9  GPIOPadConfigSet              
0000091d  SysCtlClockGet                
00000a2d  SysCtlClockSet                
00000b21  ADCSequenceStepConfigure      
00000b9d  IntEnable                     
00000c05  ADCSequenceConfigure          
00000c55  GPIOPinConfigure              
00000c9d  UARTConfigSetExpClk           
00000ce5  __TI_auto_init_nobinit_nopinit
00000d29  SysCtlPeripheralEnable        
00000d5d  _c_int00_noargs               
00000d91  ADCIntStatus                  
00000dbf  GPIODirModeSet                
00000de9  UARTDisable                   
00000e09  ADCSequenceDataGet            
00000e27  __TI_zero_init_nomemset       
00000e43  ADCProcessorTrigger           
00000e5b  GPIOPinTypeGPIOOutput         
00000e73  UARTEnable                    
00000e87  GPIOPinTypeUART               
00000e99  ADCIntEnable                  
00000ea9  IntMasterEnable               
00000eb9  ADCHardwareOversampleConfigure
00000ec7  ADCSequenceEnable             
00000ed5  CPUcpsie                      
00000ee1  ResetISR                      
00000eed  ADCIntClear                   
00000ef7  UARTCharGet                   
00000f01  UARTCharPut                   
00000f0b  UARTIntStatus                 
00000f15  UARTIntEnable                 
00000f1d  GPIOPinWrite                  
00000f23  SysCtlDelay                   
00000f29  UARTIntClear                  
00000f2d  _system_pre_init              
00000f31  C$$EXIT                       
00000f31  abort                         
000010a8  __TI_Handler_Table_Base       
000010ac  __TI_CINIT_Base               
000010ac  __TI_Handler_Table_Limit      
000010b4  __TI_CINIT_Limit              
20000000  __stack                       
20000200  __STACK_END                   
20000200  __STACK_TOP                   
20000200  ui32ADC0Value                 
20000204  ui32TempAvg                   
20000208  ui32TempValueC                
2000020c  ui32TempValueF                
20000210  key                           
ffffffff  __TI_pprof_out_hndl           
ffffffff  __TI_prof_data_size           
ffffffff  __TI_prof_data_start          
ffffffff  __binit__                     
ffffffff  __c_args__                    
ffffffff  binit                         
UNDEFED   __mpu_init                    
UNDEFED   _system_post_cinit            

[72 symbols]
