******************************************************************************
                  TI ARM Linker PC v18.12.3                    
******************************************************************************
>> Linked Thu Dec 12 15:30:39 2019

OUTPUT FILE NAME:   <lab6_task_02.out>
ENTRY POINT SYMBOL: "_c_int00_noinit_noargs"  address: 00000511


MEMORY CONFIGURATION

         name            origin    length      used     unused   attr    fill
----------------------  --------  ---------  --------  --------  ----  --------
  FLASH                 00000000   00040000  000006a6  0003f95a  R  X
  SRAM                  20000000   00008000  00000200  00007e00  RW X


SEGMENT ALLOCATION MAP

run origin  load origin   length   init length attrs members
----------  ----------- ---------- ----------- ----- -------
00000000    00000000    000006a8   000006a8    r-x
  00000000    00000000    0000026c   0000026c    r-- .intvecs
  0000026c    0000026c    000003aa   000003aa    r-x .text
  00000618    00000618    00000090   00000090    r-- .const
20000000    20000000    00000200   00000000    rw-
  20000000    20000000    00000200   00000000    rw- .stack


SECTION ALLOCATION MAP

 output                                  attributes/
section   page    origin      length       input sections
--------  ----  ----------  ----------   ----------------
.intvecs   0    00000000    0000026c     
                  00000000    0000026c     tm4c123gh6pm_startup_ccs.obj (.intvecs)

.text      0    0000026c    000003aa     
                  0000026c    00000132     driverlib.lib : gpio.obj (.text:GPIOPadConfigSet)
                  0000039e    00000002     --HOLE-- [fill = 0]
                  000003a0    000000f4     main.obj (.text)
                  00000494    00000048     driverlib.lib : gpio.obj (.text:GPIOPinConfigure)
                  000004dc    00000034                   : sysctl.obj (.text:SysCtlPeripheralEnable)
                  00000510    0000002c     rtsv7M4_T_le_v4SPD16_eabi.lib : boot_cortex_m.c.obj (.text:_c_int00_noinit_noargs:_c_int00_noinit_noargs)
                  0000053c    0000002a     driverlib.lib : gpio.obj (.text:GPIODirModeSet)
                  00000566    00000022                   : pwm.obj (.text:PWMGenConfigure)
                  00000588    0000001e                   : pwm.obj (.text:PWMPulseWidthSet)
                  000005a6    00000002     --HOLE-- [fill = 0]
                  000005a8    00000014                   : sysctl.obj (.text:SysCtlPWMClockSet)
                  000005bc    00000012                   : gpio.obj (.text:GPIOPinTypePWM)
                  000005ce    00000012                   : pwm.obj (.text:PWMOutputState)
                  000005e0    00000010                   : pwm.obj (.text:PWMGenPeriodSet)
                  000005f0    0000000c                   : pwm.obj (.text:PWMGenEnable)
                  000005fc    0000000c     tm4c123gh6pm_startup_ccs.obj (.text)
                  00000608    00000006     driverlib.lib : sysctl.obj (.text:SysCtlDelay)
                  0000060e    00000004     rtsv7M4_T_le_v4SPD16_eabi.lib : pre_init.c.obj (.text:_system_pre_init)
                  00000612    00000004                                   : exit.c.obj (.text:abort:abort)

.const     0    00000618    00000090     
                  00000618    00000090     driverlib.lib : gpio.obj (.const:g_pui32GPIOBaseAddrs)

.cinit     0    00000000    00000000     UNINITIALIZED

.init_array 
*          0    00000000    00000000     UNINITIALIZED

.stack     0    20000000    00000200     UNINITIALIZED
                  20000000    00000004     rtsv7M4_T_le_v4SPD16_eabi.lib : boot_cortex_m.c.obj (.stack)
                  20000004    000001fc     --HOLE--

MODULE SUMMARY

       Module                         code   ro data   rw data
       ------                         ----   -------   -------
    .\
       tm4c123gh6pm_startup_ccs.obj   12     620       0      
       main.obj                       244    0         0      
    +--+------------------------------+------+---------+---------+
       Total:                         256    620       0      
                                                              
    C:/ti/tivaware_c_series_2_1_4_178/driverlib/ccs/Debug/driverlib.lib
       gpio.obj                       438    144       0      
       pwm.obj                        110    0         0      
       sysctl.obj                     78     0         0      
    +--+------------------------------+------+---------+---------+
       Total:                         626    144       0      
                                                              
    C:\ti\ccs910\ccs\tools\compiler\ti-cgt-arm_18.12.3.LTS\lib\rtsv7M4_T_le_v4SPD16_eabi.lib
       boot_cortex_m.c.obj            44     0         0      
       exit.c.obj                     4      0         0      
       pre_init.c.obj                 4      0         0      
    +--+------------------------------+------+---------+---------+
       Total:                         52     0         0      
                                                              
       Stack:                         0      0         512    
    +--+------------------------------+------+---------+---------+
       Grand Total:                   934    764       512    


GLOBAL SYMBOLS: SORTED ALPHABETICALLY BY Name 

address   name                  
-------   ----                  
00000613  C$$EXIT               
0000053d  GPIODirModeSet        
0000026d  GPIOPadConfigSet      
00000495  GPIOPinConfigure      
000005bd  GPIOPinTypePWM        
00000567  PWMGenConfigure       
000005f1  PWMGenEnable          
000005e1  PWMGenPeriodSet       
000005cf  PWMOutputState        
00000589  PWMPulseWidthSet      
000005fd  ResetISR              
00000609  SysCtlDelay           
000005a9  SysCtlPWMClockSet     
000004dd  SysCtlPeripheralEnable
20000200  __STACK_END           
00000200  __STACK_SIZE          
20000200  __STACK_TOP           
ffffffff  __TI_pprof_out_hndl   
ffffffff  __TI_prof_data_size   
ffffffff  __TI_prof_data_start  
00000000  __TI_static_base__    
ffffffff  __binit__             
ffffffff  __c_args__            
UNDEFED   __mpu_init            
20000000  __stack               
00000511  _c_int00_noinit_noargs
0000060f  _system_pre_init      
00000613  abort                 
ffffffff  binit                 
00000000  g_pfnVectors          
000003a1  main                  


GLOBAL SYMBOLS: SORTED BY Symbol Address 

address   name                  
-------   ----                  
00000000  __TI_static_base__    
00000000  g_pfnVectors          
00000200  __STACK_SIZE          
0000026d  GPIOPadConfigSet      
000003a1  main                  
00000495  GPIOPinConfigure      
000004dd  SysCtlPeripheralEnable
00000511  _c_int00_noinit_noargs
0000053d  GPIODirModeSet        
00000567  PWMGenConfigure       
00000589  PWMPulseWidthSet      
000005a9  SysCtlPWMClockSet     
000005bd  GPIOPinTypePWM        
000005cf  PWMOutputState        
000005e1  PWMGenPeriodSet       
000005f1  PWMGenEnable          
000005fd  ResetISR              
00000609  SysCtlDelay           
0000060f  _system_pre_init      
00000613  C$$EXIT               
00000613  abort                 
20000000  __stack               
20000200  __STACK_END           
20000200  __STACK_TOP           
ffffffff  __TI_pprof_out_hndl   
ffffffff  __TI_prof_data_size   
ffffffff  __TI_prof_data_start  
ffffffff  __binit__             
ffffffff  __c_args__            
ffffffff  binit                 
UNDEFED   __mpu_init            

[31 symbols]
